Archive member included to satisfy reference by file (symbol)

arch/arm/cpu/hi3516cv300/libhi3516cv300.a(uart.o)
                              arch/arm/cpu/hi3516cv300/start.o (uart_early_init)
arch/arm/cpu/hi3516cv300/libhi3516cv300.a(lowlevel_init_v300.o)
                              arch/arm/cpu/hi3516cv300/start.o (start_ddr_training)
arch/arm/cpu/hi3516cv300/libhi3516cv300.a(emmc_boot.o)
                              arch/arm/cpu/hi3516cv300/start.o (emmc_boot_read)
arch/arm/cpu/hi3516cv300/libhi3516cv300.a(chip.o)
                              arch/arm/cpu/hi3516cv300/libhi3516cv300.a(lowlevel_init_v300.o) (reset_cpu)
arch/arm/lib/libarm.a(board.o)
                              arch/arm/cpu/hi3516cv300/start.o (start_armboot)
arch/arm/lib/libarm.a(interrupts.o)
                              arch/arm/lib/libarm.a(board.o) (enable_interrupts)
arch/arm/lib/libarm.a(memset.o)
                              arch/arm/lib/libarm.a(board.o) (memset)
arch/arm/lib/libarm.a(memcpy.o)
                              arch/arm/lib/libarm.a(interrupts.o) (memcpy)
net/libnet.a(eth.o)           arch/arm/lib/libarm.a(board.o) (eth_initialize)
net/libnet.a(net.o)           arch/arm/lib/libarm.a(board.o) (copy_filename)
net/libnet.a(rarp.o)          net/libnet.a(net.o) (RarpRequest)
net/libnet.a(tftp.o)          net/libnet.a(net.o) (TftpStart)
net/libnet.a(bootp.o)         net/libnet.a(net.o) (BootpRequest)
drivers/mmc/libmmc.a(mmc.o)   arch/arm/lib/libarm.a(board.o) (mmc_initialize)
drivers/mmc/libmmc.a(himciv200.o)
                              drivers/mmc/libmmc.a(mmc.o) (board_mmc_init)
drivers/mtd/nand/libnand.a(nand.o)
                              arch/arm/lib/libarm.a(board.o) (nand_init)
drivers/mtd/nand/libnand.a(nand_base.o)
                              drivers/mtd/nand/libnand.a(nand.o) (nand_scan)
drivers/mtd/nand/libnand.a(nand_bbt.o)
                              drivers/mtd/nand/libnand.a(nand_base.o) (nand_update_bbt)
drivers/mtd/nand/libnand.a(nand_ecc.o)
                              drivers/mtd/nand/libnand.a(nand_base.o) (nand_calculate_ecc)
drivers/mtd/nand/libnand.a(nand_ids.o)
                              drivers/mtd/nand/libnand.a(nand_base.o) (nand_manuf_ids)
drivers/mtd/nand/libnand.a(hinfc_common.o)
                              drivers/mtd/nand/libnand.a(nand_base.o) (nand_ecc_name)
drivers/mtd/nand/hifmc100/libhifmcv100.a(hifmc100_os.o)
                              drivers/mtd/nand/libnand.a(nand.o) (board_nand_init)
drivers/mtd/nand/hifmc100/libhifmcv100.a(hifmc100.o)
                              drivers/mtd/nand/hifmc100/libhifmcv100.a(hifmc100_os.o) (hifmc100_host_init)
drivers/mtd/nand/hifmc100/libhifmcv100.a(hifmc_spi_nand_ids.o)
                              drivers/mtd/nand/hifmc100/libhifmcv100.a(hifmc100.o) (spi_nand_feature_op)
drivers/mtd/spi/libspi_flash.a(spi_compatible.o)
                              arch/arm/lib/libarm.a(board.o) (spi_flash_probe)
drivers/mtd/spi/hifmc100/libhifmcv100.a(hifmc100_os.o)
                              drivers/mtd/spi/libspi_flash.a(spi_compatible.o) (hifmc100_spi_nor_probe)
drivers/mtd/spi/hifmc100/libhifmcv100.a(hifmc_spi_nor_ids.o)
                              drivers/mtd/spi/hifmc100/libhifmcv100.a(hifmc100_os.o) (start_up_addr_mode)
drivers/mtd/spi/hifmc100/libhifmcv100.a(hifmc100.o)
                              drivers/mtd/spi/hifmc100/libhifmcv100.a(hifmc_spi_nor_ids.o) (hifmc100_read_ids)
drivers/net/hisfv300/libhisfv300.a(net-drv.o)
                              net/libnet.a(net.o) (eth_init)
drivers/net/hisfv300/libhisfv300.a(mii-drv.o)
                              drivers/net/hisfv300/libhisfv300.a(net-drv.o) (get_phy_device)
drivers/net/hisfv300/libhisfv300.a(ctrl.o)
                              drivers/net/hisfv300/libhisfv300.a(net-drv.o) (hieth_irq_enable)
drivers/net/hisfv300/libhisfv300.a(glb.o)
                              drivers/net/hisfv300/libhisfv300.a(net-drv.o) (hieth_glb_preinit_dummy)
drivers/net/hisfv300/libhisfv300.a(mac.o)
                              drivers/net/hisfv300/libhisfv300.a(net-drv.o) (hieth_set_linkstat)
drivers/net/hisfv300/libhisfv300.a(mdio.o)
                              drivers/net/hisfv300/libhisfv300.a(mii-drv.o) (hieth_mdio_read)
drivers/net/hisfv300/libhisfv300.a(sys.o)
                              drivers/net/hisfv300/libhisfv300.a(net-drv.o) (set_efuse_unread)
common/bootss2.a(cmd_bootss2.o)
                              arch/arm/lib/libarm.a(board.o) (comp_save_snapshot_image)
drivers/serial/libserial.a(serial_pl01x.o)
                              arch/arm/lib/libarm.a(board.o) (serial_init)
drivers/usb/gadget/hiudc/libhiudc.a(device_loader.o)
                              drivers/serial/libserial.a(serial_pl01x.o) (udc_puts)
drivers/usb/gadget/hiudc/libhiudc.a(device.o)
                              drivers/usb/gadget/hiudc/libhiudc.a(device_loader.o) (dwc_get_device_speed)
common/libcommon.a(cmd_boot.o)
                              (__u_boot_cmd_reset)
[...]
Memory Configuration

Name             Origin             Length             Attributes
*default*        0x00000000         0xffffffff

Linker script and memory map

                0x00000000                . = 0x0
                0x00000000                . = ALIGN (0x4)

.text           0x81800000    0x2e944
                0x81800000                __text_start = .
 arch/arm/cpu/hi3516cv300/start.o(.text)
 .text          0x81800000     0x17a8 arch/arm/cpu/hi3516cv300/start.o
                0x81800000                _start
                0x81801040                _blank_zone_start
                0x81801044                _blank_zone_end
                0x81801054                _armboot_start
                0x81801058                _bss_start
                0x8180105c                _bss_end
                0x81801598                init_registers
 drivers/ddr/ddr_training_impl.o(.text)
 .text          0x818017a8     0x1610 drivers/ddr/ddr_training_impl.o
                0x81801934                ddr_training_set_timing
                0x81801968                ddr_training_stat
                0x818019d0                ddr_training_check_bypass
                0x818019ec                ddr_training_phy_disable
                0x818019fc                ddr_training_get_base
                0x81801a34                ddr_training_switch_axi
                0x81801a38                ddr_dmc_get_reversed
                0x81801a48                ddr_phy_cfg_update
                0x81801a78                ddr_training_save_reg
                0x81801b7c                ddr_training_restore_reg
                0x81801db0                ddr_phy_set_dq_bdl
                0x81801e0c                ddr_phy_get_dq_bdl
                0x81801e50                ddr_phy_get_byte_num
                0x81801e68                ddr_ddrt_init
                0x81801f18                ddr_ddrt_test
                0x81802028                ddr_dataeye_check_dq
                0x818021c4                ddr_dataeye_deskew
                0x81802618                ddr_adjust_dataeye
                0x81802710                ddr_dataeye_training
                0x81802788                ddr_hw_training
                0x81802818                ddr_mpr_check
                0x81802820                ddr_write_leveling
                0x81802b4c                ddr_gate_training
 drivers/ddr/ddr_training_ctl.o(.text)
 .text          0x81802db8      0x1a4 drivers/ddr/ddr_training_ctl.o
                0x81802db8                ddr_sw_training_func
                0x81802f58                ddr_sw_training_if
 drivers/ddr/ddr_training_boot.o(.text)
 .text          0x81802f5c      0x1b8 drivers/ddr/ddr_training_boot.o
                0x81802f5c                ddr_result_data_save
                0x81802f60                ddr_lpca_data_save
                0x81802f64                ddr_ddrt_get_test_addr
                0x81802f6c                ddr_training_local_str
                0x81802fcc                ddr_training_error
                0x818030ec                ddr_training_start
                0x81803100                ddr_training_suc
 drivers/ddr/ddr_training_custom.o(.text)
 .text          0x81803114        0xc drivers/ddr/ddr_training_custom.o
                0x81803114                ddr_cmd_prepare_copy
                0x81803118                ddr_cmd_site_save
                0x8180311c                ddr_cmd_site_restore
                0x81803120                __init_end = .
                0x00000001                ASSERT (((__init_end - __text_start) < 0x4000), init sections too big!)
 *(.text)
 .text          0x81803120       0xc8 arch/arm/cpu/hi3516cv300/libhi3516cv300.a(uart.o)
                0x81803120                uart_early_init
                0x81803154                uart_early_puts
                0x81803184                uart_early_put_hex
                0x818031c8                uart_early_putc
 .text          0x818031e8      0x1c0 arch/arm/cpu/hi3516cv300/libhi3516cv300.a(lowlevel_init_v300.o)
                0x818031e8                get_hpm_value
                0x81803214                set_hpm_core_volt
                0x818032dc                start_svb
                0x818032fc                start_ddr_training
 .text          0x818033a8      0x420 arch/arm/cpu/hi3516cv300/libhi3516cv300.a(emmc_boot.o)
                0x81803438                emmc_boot_mode_deinit
                0x81803450                emmc_boot_read
 .text          0x818037c8       0x48 arch/arm/cpu/hi3516cv300/libhi3516cv300.a(chip.o)
                0x818037c8                get_chipid_reg
                0x818037e0                get_ca_vendor_reg
                0x818037e8                reset_cpu
 .text          0x81803810      0x224 arch/arm/lib/libarm.a(board.o)
                0x81803888                coloured_LED_init
                0x81803888                __coloured_LED_init
                0x8180388c                red_LED_on
                0x8180388c                __red_LED_on
                0x81803890                __red_LED_off
                0x81803890                red_LED_off
                0x81803894                green_LED_on
                0x81803894                __green_LED_on
                0x81803898                __green_LED_off
                0x81803898                green_LED_off
                0x8180389c                __yellow_LED_on
                0x8180389c                yellow_LED_on
                0x818038a0                __yellow_LED_off
                0x818038a0                yellow_LED_off
                0x818038a4                blue_LED_on
                0x818038a4                __blue_LED_on
                0x818038a8                blue_LED_off
                0x818038a8                __blue_LED_off
                0x818038ac                hang
                0x818038c0                start_armboot
 .text          0x81803a34      0x260 arch/arm/lib/libarm.a(interrupts.o)
                0x81803a34                enable_interrupts
                0x81803a38                disable_interrupts
                0x81803a40                bad_mode
                0x81803a5c                show_regs
                0x81803b98                do_undefined_instruction
                0x81803bbc                do_software_interrupt
                0x81803be0                do_prefetch_abort
                0x81803c04                do_data_abort
                0x81803c28                do_not_used
                0x81803c4c                do_fiq
                0x81803c70                do_irq
 *fill*         0x81803c94        0xc 
 .text          0x81803ca0       0xd8 arch/arm/lib/libarm.a(memset.o)
                0x81803cc0                memset
 .text          0x81803d78      0x3ac arch/arm/lib/libarm.a(memcpy.o)
                0x81803d78                memcpy
 .text          0x81804124      0x144 net/libnet.a(eth.o)
                0x81804124                eth_parse_enetaddr
                0x81804184                eth_getenv_enetaddr
                0x818041e0                eth_setenv_enetaddr
                0x81804214                eth_getenv_enetaddr_by_index
                0x81804258                eth_initialize
 .text          0x81804268     0x1324 net/libnet.a(net.o)
                0x818042dc                NetStartAgain
                0x818043b0                NetSetHandler
                0x818043c0                NetSetTimeout
                0x818043f4                NetSendPacket
                0x818043f8                NetCksum
                0x81804434                NetCksumOk
                0x81804458                NetEthHdrSize
                0x81804494                NetSetEther
                0x81804540                ArpRequest
                0x8180463c                ArpTimeoutCheck
                0x818046b0                PingSend
                0x81804800                NetReceive
                0x81804dc0                NetSetIP
                0x81804ec8                NetSendUDPPacket
                0x818050ac                copy_filename
                0x818050f0                ip_to_string
                0x81805150                VLAN_to_string
                0x8180519c                string_to_VLAN
                0x818051f4                getenv_VLAN
                0x81805204                NetLoop
 .text          0x8180558c      0x180 net/libnet.a(rarp.o)
                0x818055cc                RarpRequest
 .text          0x8180570c      0xb88 net/libnet.a(tftp.o)
                0x81805ee8                print_IPaddr
                0x81805f04                TftpStart
 .text          0x81806294      0x610 net/libnet.a(bootp.o)
                0x81806634                BootpRequest
 .text          0x818068a4     0x113c drivers/mmc/libmmc.a(mmc.o)
                0x81806908                __board_mmc_getcd
                0x81806908                board_mmc_getcd
                0x81806910                mmc_send_cmd
                0x81806918                mmc_set_blocklen
                0x8180694c                find_mmc_device
                0x81806ba8                mmc_read_block
                0x81806c04                mmc_read
                0x81806d18                mmc_go_idle
                0x81806d68                sd_send_op_cond
                0x81806e60                mmc_send_op_cond
                0x81806efc                mmc_send_ext_csd
                0x81806f4c                mmc_switch
                0x81807094                mmc_change_freq
                0x818070bc                sd_switch
                0x81807128                sd_change_freq
                0x818072ec                mmc_set_ios
                0x818072f4                mmc_set_clock
                0x81807314                mmc_set_bus_width
                0x8180731c                mmc_startup
                0x818077a4                mmc_send_if_cond
                0x8180781c                mmc_register
                0x81807884                mmc_get_dev
                0x81807898                mmc_init
                0x81807948                cpu_mmc_init
                0x81807950                print_mmc_devices
                0x818079bc                mmc_initialize
 .text          0x818079e0     0x1128 drivers/mmc/libmmc.a(himciv200.o)
                0x818082b4                board_mmc_init
                0x818084e0                check_ext_csd
                0x81808708                select_boot_part
                0x818087e8                print_ext_csd
                0x81808838                print_mmc_reg
                0x81808968                mmc_flash_init
 .text          0x81808b08       0xb4 drivers/mtd/nand/libnand.a(nand.o)
                0x81808b08                nand_init
 .text          0x81808bbc     0x3cc8 drivers/mtd/nand/libnand.a(nand_base.o)
                0x8180ab48                nand_wait_ready
                0x8180b6ec                nand_erase_nand
                0x8180ba68                get_nand_info
                0x8180ba74                nand_scan_ident
                0x8180c294                nand_scan_tail
                0x8180c83c                nand_scan
                0x8180c85c                nand_release
 .text          0x8180c884     0x1690 drivers/mtd/nand/libnand.a(nand_bbt.o)
                0x8180d6e0                nand_update_bbt
                0x8180d998                nand_scan_bbt
                0x8180de10                nand_default_bbt
                0x8180dec0                nand_isbad_bbt
 .text          0x8180df14      0x24c drivers/mtd/nand/libnand.a(nand_ecc.o)
                0x8180df14                nand_calculate_ecc
                0x8180e03c                nand_correct_data
 .text          0x8180e160        0x0 drivers/mtd/nand/libnand.a(nand_ids.o)
 .text          0x8180e160      0x190 drivers/mtd/nand/libnand.a(hinfc_common.o)
                0x8180e160                nand_ecc_name
                0x8180e17c                nand_page_name
                0x8180e198                nandpage_size2type
                0x8180e1b0                nandpage_type2size
                0x8180e1c8                match_ecc_type_to_yaffs
                0x8180e1ec                match_page_reg_to_type
                0x8180e210                match_page_type_to_reg
                0x8180e234                match_page_type_to_str
                0x8180e250                match_ecc_reg_to_type
                0x8180e274                match_ecc_type_to_reg
                0x8180e298                match_ecc_type_to_str
                0x8180e2b4                match_page_size_to_type
                0x8180e2d8                match_page_type_to_size
 .text          0x8180e2f0      0x198 drivers/mtd/nand/hifmc100/libhifmcv100.a(hifmc100_os.o)
                0x8180e2f0                board_nand_init
                0x8180e450                nand_get_ecctype
 .text          0x8180e488     0x11b0 drivers/mtd/nand/hifmc100/libhifmcv100.a(hifmc100.o)
                0x8180f3ac                hifmc100_ecc0_switch
                0x8180f3ec                hifmc100_host_init
                0x8180f574                hifmc100_spi_nand_init
 .text          0x8180f638      0x7f8 drivers/mtd/nand/hifmc100/libhifmcv100.a(hifmc_spi_nand_ids.o)
                0x8180f6b4                spi_nand_feature_op
                0x8180fe18                hifmc_spi_nand_ids_register
 .text          0x8180fe30       0x74 drivers/mtd/spi/libspi_flash.a(spi_compatible.o)
                0x8180fe30                spi_flash_probe
                0x8180fe58                get_spiflash_info
                0x8180fe80                spi_flash_free
                0x8180fe84                spi_flash_lock
 .text          0x8180fea4      0x278 drivers/mtd/spi/hifmc100/libhifmcv100.a(hifmc100_os.o)
                0x8180ff20                hifmc100_spi_nor_probe
                0x81810000                hifmc100_get_spi_nor_info
                0x81810034                hifmc100_spi_flash_lock
 .text          0x8181011c     0x14a4 drivers/mtd/spi/hifmc100/libhifmcv100.a(hifmc_spi_nor_ids.o)
                0x81810198                spi_general_get_flash_register
                0x81810a98                spi_is_quad
                0x81811170                hifmc_spi_nor_get_erase
                0x818111d0                hifmc_spi_nor_probe
 .text          0x818115c0      0xf24 drivers/mtd/spi/hifmc100/libhifmcv100.a(hifmc100.o)
                0x81811d80                hifmc100_read_ids
                0x81811e28                hifmc100_spi_nor_init
                0x81811edc                spi_lock_update_address
                0x81811f90                hifmc100_handle_bp_rdcr_info
                0x81811ff4                hifmc100_handle_bp_rdsr_info
                0x81812050                hifmc100_set_spi_lock_info
                0x8181210c                hifmc100_bp_to_level
                0x8181214c                hifmc100_get_bp_lock_level
                0x81812280                hifmc100_spi_nor_scan
                0x81812310                hifmc100_spi_lock
 .text          0x818124e4      0xaf0 drivers/net/hisfv300/libhisfv300.a(net-drv.o)
                0x8181274c                string_to_mac
                0x818127ac                srandom
                0x818127c4                random
                0x8181282c                random_ether_addr
                0x81812948                eth_set_host_mac_address
                0x81812a24                eth_init
                0x81812ccc                eth_rx
                0x81812e30                eth_send
                0x81812f88                eth_halt
 .text          0x81812fd4      0x35c drivers/net/hisfv300/libhisfv300.a(mii-drv.o)
                0x8181300c                get_phy_device
                0x818131e8                hieth_mdiobus_driver_init
                0x818132b8                hieth_mdiobus_driver_exit
 .text          0x81813330       0x94 drivers/net/hisfv300/libhisfv300.a(ctrl.o)
                0x81813330                hieth_irq_enable
                0x81813348                hieth_irq_disable
                0x81813360                hieth_read_irqstatus
                0x81813370                hieth_read_raw_irqstatus
                0x81813380                hieth_clear_irqstatus
                0x8181339c                hieth_set_endian_mode
 .text          0x818133c4      0x1cc drivers/net/hisfv300/libhisfv300.a(glb.o)
                0x818133c4                hieth_glb_preinit_dummy
 .text          0x81813590      0x20c drivers/net/hisfv300/libhisfv300.a(mac.o)
                0x818135fc                hieth_set_linkstat
                0x81813600                hieth_get_linkstat
                0x81813624                hieth_set_mac_leadcode_cnt_limit
                0x81813664                hieth_set_mac_trans_interval_bits
                0x818136f4                hieth_set_mac_fc_interval
                0x8181373c                hieth_set_negmode
                0x81813740                hieth_get_negmode
                0x81813760                hieth_set_mii_mode
 .text          0x8181379c      0x25c drivers/net/hisfv300/libhisfv300.a(mdio.o)
                0x818137dc                hieth_mdio_read
                0x818138c4                hieth_mdio_write
                0x81813980                hieth_mdio_reset
                0x818139e4                hieth_mdio_init
                0x818139f4                hieth_mdio_exit
 .text          0x818139f8       0xb4 drivers/net/hisfv300/libhisfv300.a(sys.o)
                0x818139f8                set_efuse_unread
                0x818139fc                set_inner_phy_addr
                0x81813a00                revise_led_shine
                0x81813a04                set_phy_valtage
                0x81813a08                hieth_sys_startup
                0x81813a30                hieth_sys_allstop
                0x81813a34                hieth_sys_init
                0x81813aa8                hieth_sys_exit
 .text          0x81813aac      0xd54 common/bootss2.a(cmd_bootss2.o)
                0x81813e80                find_hibernate_part
                0x81813fb8                do_bootss
                0x818145e8                comp_save_snapshot_image
 .text          0x81814800      0x11c drivers/serial/libserial.a(serial_pl01x.o)
                0x81814800                serial_init
                0x81814838                serial_putc
                0x81814870                serial_puts
                0x81814898                serial_puts_to_hitool
                0x818148d4                serial_getc
                0x818148fc                serial_tstc
                0x81814918                serial_setbrg
 .text          0x8181491c      0x598 drivers/usb/gadget/hiudc/libhiudc.a(device_loader.o)
                0x8181491c                usb_ep0_complete
                0x81814920                usb_tx_status_complete
                0x8181494c                rx_cmd
                0x8181498c                rx_data
                0x818149d4                usb_rx_data_complete
                0x81814a1c                tx_status
                0x81814ab4                usb_rx_cmd_complete
                0x81814bfc                udc_puts
                0x81814c14                usb_init_ep12
                0x81814cbc                usb_init_ep0
                0x81814d4c                usb_setup
 .text          0x81814eb4     0x2c7c drivers/usb/gadget/hiudc/libhiudc.a(device.o)
                0x81814f68                udc_disconnect
                0x81814f6c                DWC_MODIFY_REG32
                0x81814f80                dwc_core_reset
                0x81815020                dwc_flush_tx_fifo
                0x818150a4                dwc_flush_rx_fifo
                0x81815114                dwc_ep_write_packet
                0x818151cc                dwc_read_packet
                0x818151f8                dwc_read_setup_packet
                0x81815214                dwc_get_device_speed
                0x81815254                dwc_ep0_activate
                0x818152c8                dwc_ep_activate
                0x818153e4                dwc_pcd_ep_enable
                0x8181554c                dwc_request_done
                0x81815614                dwc_request_nuke
                0x81815650                dwc_otg_ep_start_transfer
                0x81815950                dwc_otg_ep_start_zl_transfer
                0x81815a74                dwc_otg_ep0_start_transfer
                0x81815ef4                dwc_otg_ep0_continue_transfer
                0x8181643c                start_next_request
                0x818166fc                ep_queue
                0x81816a30                dwc_handle_usb_reset_intr
                0x81816b3c                dwc_handle_enum_done_intr
                0x81816bac                dwc_handle_rx_status_q_level_intr
                0x81816cb8                dwc_pcd_handle_np_tx_fifo_empty_intr
                0x81816e98                udc_irq_poll
                0x81817528                dwc_pcd_init
                0x818177b8                udc_init
                0x81817860                hiusb_init
                0x81817ac4                udc_connect
 .text          0x81817b30       0x84 common/libcommon.a(cmd_boot.o)
                0x81817b30                do_go_exec
                0x81817b40                do_go
 .text          0x81817bb4      0xaac common/libcommon.a(cmd_bootm.o)
                0x81818200                arch_preboot_os
                0x81818200                __arch_preboot_os
                0x81818204                do_bootm_subcommand
                0x818183b8                do_bootm
 .text          0x81818660      0x424 common/libcommon.a(cmd_ddr_training_v2.o)
                0x81818660                cmd_ddr_set_log_level
                0x81818774                do_ddr_training
                0x81818a7c                check_ddr_training
 .text          0x81818a84      0x454 common/libcommon.a(cmd_ext2.o)
                0x81818a84                do_ext2load
                0x81818d9c                do_ext2ls
 .text          0x81818ed8      0x368 common/libcommon.a(cmd_fat.o)
                0x81818ed8                do_fat_fsinfo
                0x81818fb4                do_fat_fsload
                0x81819134                do_fat_ls
 .text          0x81819240      0x260 common/libcommon.a(cmd_getinfo.o)
                0x81819240                do_getinfo
 .text          0x818194a0       0x44 common/libcommon.a(cmd_help.o)
                0x818194a0                do_help
 .text          0x818194e4      0x4dc common/libcommon.a(cmd_hle_double_system_bootm.o)
                0x818194e4                printf_config_info
                0x81819578                init_config_info
                0x8181976c                select_boot_system_partition
                0x818198ec                do_double_system_bootm
 .text          0x818199c0      0x97c common/libcommon.a(cmd_load.o)
                0x81819b0c                send_pad
                0x81819b3c                ktrans
                0x81819b60                chk1
                0x81819b8c                s1_sendpacket
                0x81819bb4                send_ack
                0x81819c14                send_nack
                0x81819c74                k_data_init
                0x81819c8c                k_data_save
                0x81819cb0                k_data_restore
                0x81819cd4                k_data_char
                0x81819d20                handle_send_packet
                0x81819ee0                do_load_serial_bin
 .text          0x8181a33c      0x908 common/libcommon.a(cmd_mem.o)
                0x8181a33c                do_mem_loop
                0x8181a424                do_mem_md
                0x8181a4f8                do_mem_base
                0x8181a538                do_mem_mtest
                0x8181a6ec                do_mem_mw
                0x8181a7a4                do_mem_cmp
                0x8181aa84                do_mem_mm
                0x8181aaa8                do_mem_cp
                0x8181ab78                do_mem_crc
                0x8181ac20                do_mem_nm
 .text          0x8181ac44      0x7d8 common/libcommon.a(cmd_mii.o)
                0x8181ac98                MII_dump_0_to_5
                0x8181af74                do_mii
 .text          0x8181b41c      0x74c common/libcommon.a(cmd_mmc.o)
                0x8181b41c                do_mmcinfo
                0x8181b574                do_mmcops
 .text          0x8181bb68      0xfe0 common/libcommon.a(cmd_nand.o)
                0x8181bcf4                do_nand
                0x8181c7f4                do_nandboot
 .text          0x8181cb48      0x3f4 common/libcommon.a(cmd_net.o)
                0x8181ce94                do_bootp
                0x8181cea0                do_tftp
                0x8181ceac                do_rarpb
                0x8181ceb8                do_ping
 .text          0x8181cf3c      0x7f4 common/libcommon.a(cmd_nvedit.o)
                0x8181cf3c                do_saveenv
                0x8181cf6c                get_env_id
                0x8181cf7c                envmatch
                0x8181d0c4                do_printenv
                0x8181d15c                _do_setenv
                0x8181d59c                setenv
                0x8181d5e8                do_setenv
                0x8181d614                getenv
                0x8181d684                getenv_r
 .text          0x8181d730      0x88c common/libcommon.a(cmd_sf.o)
                0x8181d730                do_spi_flash_probe
                0x8181d8dc                do_spi_flash_read_write
                0x8181db98                do_spi_flash_erase
 .text          0x8181dfbc      0x10c common/libcommon.a(cmd_ugzip.o)
 .text          0x8181e0c8       0x20 common/libcommon.a(cmd_version.o)
                0x8181e0c8                do_version
 .text          0x8181e0e8      0x830 common/libcommon.a(command.o)
                0x8181e0e8                var_complete
                0x8181e174                find_cmd_tbl
                0x8181e20c                find_cmd
                0x8181e234                cmd_usage
                0x8181e254                _do_help
                0x8181e3e4                install_auto_complete
                0x8181e420                cmd_auto_complete
                0x8181e8c8                cmd_get_data_size
 .text          0x8181e918      0x598 common/libcommon.a(console.o)
                0x8181e9b8                serial_printf
                0x8181e9fc                fgetc
                0x8181ea20                ftstc
                0x8181ea44                fputc
                0x8181ea64                fputs
                0x8181ea84                fprintf
                0x8181eacc                getc
                0x8181eaf0                tstc
                0x8181eb14                putc
                0x8181eb38                puts
                0x8181eb5c                printf
                0x8181eba0                print_to_hitool
                0x8181ebe4                vprintf
                0x8181ec14                ctrlc
                0x8181ec64                disable_ctrlc
                0x8181ec7c                had_ctrlc
                0x8181ec8c                clear_ctrlc
                0x8181eca0                dbg
                0x8181ecac                search_device
                0x8181ecd4                console_assign
                0x8181ed14                console_init_f
                0x8181ed24                stdio_print_current_devices
                0x8181edd4                console_init_r
 .text          0x8181eeb0      0xfd8 common/libcommon.a(dlmalloc.o)
                0x8181eeb0                sbrk
                0x8181eeec                mem_malloc_init
                0x8181ef10                malloc_trim
                0x8181efd4                free
                0x8181f1fc                malloc
                0x8181f7c8                calloc
                0x8181f894                realloc
                0x8181fcb4                memalign
                0x8181fdc4                valloc
                0x8181fdd0                pvalloc
                0x8181fde8                cfree
                0x8181fdec                malloc_usable_size
                0x8181fe30                mallopt
 .text          0x8181fe88      0x238 common/libcommon.a(download_process.o)
                0x8181ff28                download_process
                0x8182005c                download_boot
 .text          0x818200c0      0x284 common/libcommon.a(env_common.o)
                0x818200c0                env_crc_update
                0x818200ec                env_get_char_memory
                0x8182010c                env_get_char
                0x8182013c                env_get_addr
                0x8182015c                set_default_env
                0x8182019c                env_relocate
                0x818201f4                env_complete
 .text          0x81820344      0x108 common/libcommon.a(env_common_func.o)
                0x81820344                env_get_char_spec
                0x81820368                saveenv
                0x8182038c                env_relocate_spec
                0x818203a8                env_init
 .text          0x8182044c      0x128 common/libcommon.a(env_emmc.o)
                0x8182044c                emmc_env_get_char_spec
                0x81820458                emmc_saveenv
                0x818204c0                emmc_env_relocate_spec
                0x81820558                emmc_env_init
 .text          0x81820574      0x2e4 common/libcommon.a(env_nand.o)
                0x81820574                nand_env_get_char_spec
                0x81820580                nand_env_init
                0x8182059c                writeenv
                0x81820678                nand_saveenv
                0x81820720                readenv
                0x818207fc                nand_env_relocate_spec
 .text          0x81820858      0x1d0 common/libcommon.a(env_sf.o)
                0x81820858                sf_env_get_char_spec
                0x81820864                sf_saveenv
                0x81820964                sf_env_relocate_spec
                0x81820a0c                sf_env_init
 .text          0x81820a28      0x194 common/libcommon.a(exports.o)
                0x81820a2c                get_version
                0x81820a34                jumptable_init
 .text          0x81820bbc      0x34c common/libcommon.a(flash_part.o)
                0x81820e24                find_flash_part
 .text          0x81820f08      0x73c common/libcommon.a(image.o)
                0x81820f30                image_check_hcrc
                0x81820f80                image_check_dcrc
                0x81820fc0                image_multi_count
                0x81820fe0                image_multi_getimg
                0x81821064                getenv_yesno
                0x8182108c                getenv_bootm_low
                0x818210c0                getenv_bootm_size
                0x818210f4                memmove_wd
                0x81821100                genimg_print_size
                0x81821130                get_table_entry_name
                0x8182115c                genimg_get_os_name
                0x81821174                genimg_get_arch_name
                0x8182118c                genimg_get_type_name
                0x818211a4                genimg_get_comp_name
                0x818211bc                image_print_contents
                0x8182133c                get_table_entry_id
                0x81821388                genimg_get_os_id
                0x818213a0                genimg_get_arch_id
                0x818213b8                genimg_get_type_id
                0x818213d0                genimg_get_comp_id
                0x818213e8                genimg_get_format
                0x8182140c                genimg_get_image
                0x81821410                genimg_has_config
                0x81821418                boot_get_ramdisk
 .text          0x81821644     0x1340 common/libcommon.a(main.o)
                0x81821a34                __show_boot_progress
                0x81821a34                show_boot_progress
                0x81821a38                readline_into_buffer
                0x818223b4                readline
                0x818223d0                parse_line
                0x8182245c                run_command
                0x818225f0                main_loop
                0x8182278c                run_command_slave
 .text          0x81822984      0x730 common/libcommon.a(miiphyutil.o)
                0x81822984                miiphy_init
                0x818229a0                miiphy_register
                0x81822a84                miiphy_set_current_dev
                0x81822adc                miiphy_get_current_dev
                0x81822af4                miiphy_read
                0x81822b88                miiphy_write
                0x81822c1c                miiphy_listdev
                0x81822c8c                miiphy_info
                0x81822d1c                miiphy_reset
                0x81822dcc                miiphy_is_1000base_x
                0x81822e10                miiphy_speed
                0x81822f20                miiphy_duplex
                0x8182305c                miiphy_link
 .text          0x818230b4      0x164 common/libcommon.a(stdio.o)
                0x818230b4                stdio_get_list
                0x818230c0                stdio_get_by_name
                0x8182310c                stdio_clone
                0x81823154                stdio_register
                0x81823190                stdio_init
 .text          0x81823218      0x8a0 common/libcommon.a(xyzModem.o)
                0x81823218                CYGACC_COMM_IF_GETC_TIMEOUT
                0x818234ec                CYGACC_COMM_IF_PUTC
                0x818234f4                parse_num
                0x8182361c                xyzModem_stream_open
                0x81823764                xyzModem_stream_read
                0x818239b0                xyzModem_stream_close
                0x81823a04                xyzModem_stream_terminate
                0x81823a98                xyzModem_error
 .text          0x81823ab8        0x8 product/libproduct.a(sample.o)
                0x81823ab8                product_control
 .text          0x81823ac0      0x234 board/hi3516cv300/libhi3516cv300.a(board.o)
                0x81823ac0                get_boot_media
                0x81823ad0                get_text_base
                0x81823adc                boot_flag_init
                0x81823b10                board_init
                0x81823b5c                save_bootdata_to_flash
                0x81823cb0                misc_init_r
                0x81823cd4                dram_init
 .text          0x81823cf4       0x48 lib/libgeneric.a(crc16.o)
                0x81823cf4                cyg_crc16
 .text          0x81823d3c       0xec lib/libgeneric.a(crc32.o)
                0x81823d3c                crc32_no_comp
                0x81823e10                crc32
                0x81823e24                crc32_wd
 .text          0x81823e28      0x2d4 lib/libgeneric.a(display_options.o)
                0x81823e28                display_options
                0x81823e48                print_size
                0x81823f8c                print_buffer
 .text          0x818240fc       0xd0 lib/libgeneric.a(div64.o)
                0x818240fc                __div64_32
 .text          0x818241cc      0x1c0 lib/libgeneric.a(gunzip.o)
                0x818241cc                zalloc
                0x818241dc                zfree
                0x818241e4                zunzip
                0x818242d8                gunzip
 .text          0x8182438c       0x88 lib/libgeneric.a(net_utils.o)
                0x8182438c                string_to_ip
 .text          0x81824414      0x4f0 lib/libgeneric.a(string.o)
                0x81824414                strcpy
                0x8182442c                strncpy
                0x81824450                strcat
                0x81824480                strncat
                0x818244d0                strcmp
                0x818244f8                strncmp
                0x81824534                strchr
                0x81824560                strlen
                0x81824584                strrchr
                0x818245c0                strnlen
                0x818245f0                strdup
                0x81824624                strspn
                0x81824660                strpbrk
                0x818246a4                strtok
                0x8182471c                strsep
                0x81824754                strswab
                0x8182479c                bcopy
                0x818247c4                memmove
                0x81824808                memcmp
                0x8182483c                memscan
                0x81824868                strstr
                0x818248d4                memchr
 .text          0x81824904       0x30 lib/libgeneric.a(time.o)
                0x81824904                udelay
 *fill*         0x81824934        0x4 
 .text          0x81824938      0xe94 lib/libgeneric.a(vsprintf.o)
                0x81824e78                simple_strtoul
                0x81824f2c                simple_strtol
                0x81824f50                ustrtoul
                0x81824fc0                simple_strtoull
                0x81825098                vsprintf
                0x818256b4                sprintf
                0x818256dc                panic
                0x8182572c                ultohstr
 .text          0x818257cc      0x1a8 lib/libgeneric.a(match_table.o)
                0x818257cc                reg2type
                0x818257f8                type2reg
                0x81825824                str2type
                0x81825874                type2str
                0x818258a0                match_reg_to_type
                0x818258cc                match_type_to_reg
                0x818258f8                match_data_to_type
                0x81825948                match_type_to_data
 .text          0x81825974     0x2530 lib/libgeneric.a(zlib.o)
                0x81825974                zcalloc
                0x8182597c                zcfree
                0x81825984                inflate_fast
                0x81825ef0                inflate_table
                0x81826410                inflateReset
                0x818264b0                inflateInit2_
                0x818265b4                inflateInit_
                0x818265c4                inflateEnd
                0x81826648                adler32
                0x81826994                inflate
 .text          0x81827ea4        0x0 lib/libgeneric.a(ctype.o)
 .text          0x81827ea4      0x2d8 lib/hw_dec/libhw_dec.a(hw_decompress.o)
                0x81827ea4                hw_dec_sop_eop_first_set
                0x81827ed4                hw_dec_intr_proc
                0x81827f70                hw_dec_start
                0x81827ff4                hw_dec_wait_finish
                0x81828054                hw_dec_decompress
                0x818280e4                hw_dec_init
                0x81828150                hw_dec_uinit
 .text          0x8182817c      0xdd0 drivers/ddr/libddr.a(ddr_cmd_ctl.o)
                0x8182817c                ddr_cmd_result_display
                0x81828894                ddr_reg_result_display
                0x81828e58                ddr_cmd_get_entry
                0x81828f00                ddr_cmd_training_if
 .text          0x81828f4c        0x0 drivers/ddr/libddr.a(ddr_cmd_loc.o)
 .text          0x81828f4c      0x224 arch/arm/cpu/hi3516cv300/hi3516cv300/libhi3516cv300.a(timer.o)
                0x81828f4c                reset_timer_masked
                0x81828f6c                timer_init
                0x81828fa8                reset_timer
                0x81828fac                get_timer_masked
                0x81828fe0                get_timer
                0x81828ff4                set_timer
                0x81829004                get_ticks
                0x81829014                get_tbclk
                0x81829040                __udelay
                0x818290e0                udelay_masked
 .text          0x81829170      0x1cc arch/arm/lib/libarm.a(bootm.o)
                0x81829170                do_bootm_linux
                0x81829310                ss_jump_to_resume_ext
 .text          0x8182933c        0x4 arch/arm/lib/libarm.a(cache.o)
                0x8182933c                flush_cache
 .text          0x81829340       0x64 arch/arm/lib/libarm.a(process.o)
                0x81829340                add_shutdown
                0x81829374                do_shutdown
 .text          0x818293a4       0x34 arch/arm/lib/libarm.a(reset.o)
                0x818293a4                do_reset
 .text          0x818293d8       0x68 arch/arm/lib/libarm.a(hibernate_arm9.o)
                0x818293d8                restore_processor_state_ext
 .text          0x81829440       0x14 arch/arm/lib/libarm.a(bootm_asm.o)
                0x81829440                call_swsusp_resume
 .text          0x81829454     0x1280 fs/fat/libfat.a(fat.o)
                0x81829ad4                fat_register_device
                0x81829c24                do_fat_read
                0x8182a538                file_fat_detectfs
                0x8182a68c                file_fat_ls
                0x8182a69c                file_fat_read
 .text          0x8182a6d4      0xdac fs/ext2/libext2fs.a(ext2fs.o)
                0x8182a7d8                ext2fs_free_node
                0x8182a7f8                ext2fs_read_file
                0x8182aef8                ext2fs_find_file1
                0x8182b168                ext2fs_find_file
                0x8182b1e0                ext2fs_ls
                0x8182b258                ext2fs_open
                0x8182b2e8                ext2fs_close
                0x8182b390                ext2fs_read
                0x8182b3c0                ext2fs_mount
 .text          0x8182b480      0x210 fs/ext2/libext2fs.a(dev.o)
                0x8182b480                ext2fs_set_blk_dev
                0x8182b4d0                ext2fs_devread
 .text          0x8182b690      0x380 disk/libdisk.a(part.o)
                0x8182b690                get_dev
                0x8182b6f4                dev_print
                0x8182b8f4                init_part
                0x8182b910                get_partition_info
                0x8182b938                print_part
 .text          0x8182ba10      0x4e0 disk/libdisk.a(part_dos.o)
                0x8182be54                test_part_dos
                0x8182bea4                print_part_dos
                0x8182bed0                get_partition_info_dos
 .text          0x8182bef0      0x128 drivers/mmc/libmmc.a(himciv200_dbg_boot_read.o)
                0x8182bf50                emmc_bootmode_read
 .text          0x8182c018      0x324 fs/ext4/libext4.a(unsparse.o)
                0x8182c018                print_header_info
                0x8182c01c                print_chunk_info
                0x8182c020                ext4_unsparse
 .text          0x8182c33c      0x1e0 drivers/mtd/libmtd.a(hifmc_common.o)
                0x8182c33c                hifmc_ip_ver_check
                0x8182c39c                hifmc_dev_type_switch
                0x8182c41c                ulltostr
                0x8182c4bc                debug_register_dump
 .text          0x8182c51c       0xa4 drivers/mtd/libmtd.a(hifmc_hi3516cv300.o)
                0x8182c51c                hifmc_set_fmc_system_clock
                0x8182c560                hifmc_get_fmc_best_2x_clock
 .text          0x8182c5c0     0x11a4 drivers/mtd/nand/libnand.a(nand_util.o)
                0x8182c670                nand_erase_opts
                0x8182ca70                nand_write_yaffs_skip_bad
                0x8182cddc                nand_fill_ecc
                0x8182ce60                nand_read_yaffs_skip_bad
                0x8182d218                nand_write_skip_bad
                0x8182d41c                nand_read_skip_bad
                0x8182d5ac                nand_read_skip_bad_snapshot
 .text          0x8182d764      0xac8 lib/libgeneric.a(vsnprintf.o)
                0x8182d790                vsnrprintf
                0x8182e204                snprintf
 .text          0x8182e22c       0x20 arch/arm/cpu/hi3516cv300/libhi3516cv300.a(cpu.o)
                0x8182e22c                cleanup_before_linux
 .text          0x8182e24c       0xfc arch/arm/lib/libarm.a(cache-cp15.o)
                0x8182e27c                icache_enable
                0x8182e294                icache_disable
                0x8182e2ac                icache_status
                0x8182e2bc                dcache_enable
                0x8182e2d4                dcache_disable
                0x8182e2ec                dcache_status
                0x8182e2fc                enable_mmu
                0x8182e32c                stop_mmu
 .text          0x8182e348      0x12c arch/arm/lib/libarm.a(mmu.o)
                0x8182e348                mmu_pagedir_init
                0x8182e364                mmu_pagedir_cached_range
                0x8182e384                mmu_pagedir_nocached_range
                0x8182e3b4                flush_cache_off
                0x8182e3c8                mmu_startup
                0x8182e400                mmu_turnoff
                0x8182e414                dcache_stop
                0x8182e424                dcache_start
                0x8182e434                dcache_stop_noflush
                0x8182e444                dcache_flush_all
                0x8182e468                dcache_inv_all
 .text          0x8182e474       0x20 /home/yuanda.yu/svndebug/trunk/retarded/Hi3516CV300_SDK_V1.0.2.0/osdrv/opensource/u-boot/u-boot-2010.06/arch/arm/lib/eabi_compat.o
                0x8182e474                raise
                0x8182e490                __aeabi_unwind_cpp_pr0
 .text          0x8182e494       0x1c /opt/hisi-linux/x86-arm/arm-himix100-linux/host_bin/../lib/gcc/arm-linux-uclibceabi/6.3.0/libgcc.a(_ashldi3.o)
                0x8182e494                __ashldi3
                0x8182e494                __aeabi_llsl
 .text          0x8182e4b0       0x1c /opt/hisi-linux/x86-arm/arm-himix100-linux/host_bin/../lib/gcc/arm-linux-uclibceabi/6.3.0/libgcc.a(_ashrdi3.o)
                0x8182e4b0                __ashrdi3
                0x8182e4b0                __aeabi_lasr
 .text          0x8182e4cc      0x240 /opt/hisi-linux/x86-arm/arm-himix100-linux/host_bin/../lib/gcc/arm-linux-uclibceabi/6.3.0/libgcc.a(_divsi3.o)
                0x8182e4cc                __aeabi_idiv
                0x8182e4cc                __divsi3
                0x8182e6ec                __aeabi_idivmod
 .text          0x8182e70c       0x10 /opt/hisi-linux/x86-arm/arm-himix100-linux/host_bin/../lib/gcc/arm-linux-uclibceabi/6.3.0/libgcc.a(_dvmd_lnx.o)
                0x8182e70c                __aeabi_ldiv0
                0x8182e70c                __aeabi_idiv0
 .text          0x8182e71c       0x1c /opt/hisi-linux/x86-arm/arm-himix100-linux/host_bin/../lib/gcc/arm-linux-uclibceabi/6.3.0/libgcc.a(_lshrdi3.o)
                0x8182e71c                __aeabi_llsr
                0x8182e71c                __lshrdi3
 .text          0x8182e738      0x20c /opt/hisi-linux/x86-arm/arm-himix100-linux/host_bin/../lib/gcc/arm-linux-uclibceabi/6.3.0/libgcc.a(_udivsi3.o)
                0x8182e738                __udivsi3
                0x8182e738                __aeabi_uidiv
                0x8182e924                __aeabi_uidivmod

.glue_7         0x8182e944        0x0
 .glue_7        0x8182e944        0x0 linker stubs

.glue_7t        0x8182e944        0x0
 .glue_7t       0x8182e944        0x0 linker stubs

.vfp11_veneer   0x8182e944        0x0
 .vfp11_veneer  0x8182e944        0x0 linker stubs

.v4_bx          0x8182e944        0x0
 .v4_bx         0x8182e944        0x0 linker stubs

.iplt           0x8182e944        0x0
 .iplt          0x8182e944        0x0 arch/arm/cpu/hi3516cv300/start.o

.text.unlikely  0x8182e944      0x2e0
 .text.unlikely
                0x8182e944      0x2e0 common/libcommon.a(cmd_nand.o)
                0x8182ec24                . = ALIGN (0x4)

.rodata         0x8182ec24     0x96cb
 *(SORT(.rodata*))
 .rodata        0x8182ec24       0x80 arch/arm/lib/libarm.a(interrupts.o)
 .rodata        0x8182eca4       0xc3 drivers/mtd/nand/hifmc100/libhifmcv100.a(hifmc_spi_nand_ids.o)
 *fill*         0x8182ed67        0x1 
 .rodata        0x8182ed68      0x1a8 drivers/mtd/spi/hifmc100/libhifmcv100.a(hifmc_spi_nor_ids.o)
 .rodata        0x8182ef10       0x4c common/libcommon.a(cmd_bootm.o)
 .rodata        0x8182ef5c       0x10 common/libcommon.a(cmd_hle_double_system_bootm.o)
 .rodata        0x8182ef6c       0x20 common/libcommon.a(cmd_nand.o)
 .rodata        0x8182ef8c       0x20 common/libcommon.a(xyzModem.o)
 .rodata        0x8182efac      0x400 lib/libgeneric.a(crc32.o)
 .rodata        0x8182f3ac       0x3c lib/libgeneric.a(vsprintf.o)
                0x8182f3bc                hex_asc
 .rodata        0x8182f3e8      0x9cc lib/libgeneric.a(zlib.o)
                0x8182fd8c                z_errmsg
 .rodata        0x8182fdb4       0x10 disk/libdisk.a(part.o)
 .rodata        0x8182fdc4       0x14 drivers/mtd/libmtd.a(hifmc_common.o)
 .rodata        0x8182fdd8       0x20 drivers/mtd/libmtd.a(hifmc_hi3516cv300.o)
 .rodata        0x8182fdf8       0xdb drivers/mtd/nand/hifmc100/libhifmcv100.a(hifmc100.o)
 *fill*         0x8182fed3        0x1 
 .rodata        0x8182fed4       0x1e drivers/usb/gadget/hiudc/libhiudc.a(device_loader.o)
 .rodata        0x8182fef2      0x200 common/libcommon.a(download_process.o)
 .rodata        0x818300f2      0x200 lib/libgeneric.a(crc16.o)
 .rodata        0x818302f2       0x2e arch/arm/lib/libarm.a(board.o)
                0x818302f2                version_string
 .rodata        0x81830320        0x7 net/libnet.a(net.o)
 .rodata        0x81830327        0x9 net/libnet.a(tftp.o)
 .rodata        0x81830330       0x5e drivers/mmc/libmmc.a(himciv200.o)
 .rodata        0x8183038e        0x5 drivers/mtd/nand/libnand.a(nand.o)
 .rodata        0x81830393       0x64 drivers/mtd/nand/libnand.a(nand_base.o)
 .rodata        0x818303f7      0x100 drivers/mtd/nand/libnand.a(nand_ecc.o)
 .rodata        0x818304f7       0x16 drivers/mtd/nand/hifmc100/libhifmcv100.a(hifmc100_os.o)
 .rodata        0x8183050d       0x18 drivers/mtd/spi/hifmc100/libhifmcv100.a(hifmc100_os.o)
 .rodata        0x81830525      0x104 drivers/mtd/spi/hifmc100/libhifmcv100.a(hifmc100.o)
 .rodata        0x81830629        0xf drivers/net/hisfv300/libhisfv300.a(mii-drv.o)
 .rodata        0x81830638       0x53 common/bootss2.a(cmd_bootss2.o)
 .rodata        0x8183068b       0x16 common/libcommon.a(command.o)
 .rodata        0x818306a1        0x6 lib/libgeneric.a(display_options.o)
 .rodata        0x818306a7       0x13 lib/hw_dec/libhw_dec.a(hw_decompress.o)
 .rodata        0x818306ba       0x25 lib/libgeneric.a(vsnprintf.o)
                0x818306ba                hex2ascii_data
 .rodata.str1.1
                0x818306df       0x5b arch/arm/lib/libarm.a(board.o)
 .rodata.str1.1
                0x8183073a      0x264 arch/arm/lib/libarm.a(interrupts.o)
                                0x27b (size before relaxing)
 .rodata.str1.1
                0x8183099e       0x16 net/libnet.a(eth.o)
 .rodata.str1.1
                0x818309b4      0x1bf net/libnet.a(net.o)
                                0x1cf (size before relaxing)
 .rodata.str1.1
                0x81830b73       0x43 net/libnet.a(rarp.o)
 .rodata.str1.1
                0x81830bb6      0x2b4 net/libnet.a(tftp.o)
                                0x2f7 (size before relaxing)
 .rodata.str1.1
                0x81830e6a       0x70 net/libnet.a(bootp.o)
                                 0xa9 (size before relaxing)
 .rodata.str1.1
                0x81830eda      0x119 drivers/mmc/libmmc.a(mmc.o)
                                0x121 (size before relaxing)
 .rodata.str1.1
                0x81830ff3      0x48c drivers/mmc/libmmc.a(himciv200.o)
                                0x495 (size before relaxing)
 .rodata.str1.1
                0x8183147f       0x1b drivers/mtd/nand/libnand.a(nand.o)
 .rodata.str1.1
                0x8183149a      0x2e2 drivers/mtd/nand/libnand.a(nand_base.o)
                                0x2e4 (size before relaxing)
 .rodata.str1.1
                0x8183177c      0x309 drivers/mtd/nand/libnand.a(nand_bbt.o)
 .rodata.str1.1
                0x81831a85      0x360 drivers/mtd/nand/libnand.a(nand_ids.o)
                                0x376 (size before relaxing)
 .rodata.str1.1
                0x81831de5       0x4e drivers/mtd/nand/libnand.a(hinfc_common.o)
                                 0x61 (size before relaxing)
 .rodata.str1.1
                0x81831e33       0xaf drivers/mtd/nand/hifmc100/libhifmcv100.a(hifmc100_os.o)
 .rodata.str1.1
                0x81831ee2      0x392 drivers/mtd/nand/hifmc100/libhifmcv100.a(hifmc100.o)
 .rodata.str1.1
                0x81832274      0x269 drivers/mtd/nand/hifmc100/libhifmcv100.a(hifmc_spi_nand_ids.o)
                                0x29b (size before relaxing)
 .rodata.str1.1
                0x818324dd       0xd2 drivers/mtd/spi/hifmc100/libhifmcv100.a(hifmc100_os.o)
                                 0xef (size before relaxing)
 .rodata.str1.1
                0x818325af      0x549 drivers/mtd/spi/hifmc100/libhifmcv100.a(hifmc_spi_nor_ids.o)
                                0x5ef (size before relaxing)
 .rodata.str1.1
                0x81832af8      0x3d8 drivers/mtd/spi/hifmc100/libhifmcv100.a(hifmc100.o)
                                0x494 (size before relaxing)
 .rodata.str1.1
                0x81832ed0      0x252 drivers/net/hisfv300/libhisfv300.a(net-drv.o)
                                0x263 (size before relaxing)
 .rodata.str1.1
                0x81833122       0x9a drivers/net/hisfv300/libhisfv300.a(mii-drv.o)
 .rodata.str1.1
                0x818331bc       0x32 drivers/net/hisfv300/libhisfv300.a(mdio.o)
                                 0x42 (size before relaxing)
 .rodata.str1.1
                0x818331ee      0x3a6 common/bootss2.a(cmd_bootss2.o)
                                0x3b8 (size before relaxing)
 .rodata.str1.1
                0x81833594       0x3f drivers/usb/gadget/hiudc/libhiudc.a(device_loader.o)
 .rodata.str1.1
                0x818335d3       0x66 drivers/usb/gadget/hiudc/libhiudc.a(device.o)
                                 0x8a (size before relaxing)
 .rodata.str1.1
                0x81833639       0x95 common/libcommon.a(cmd_boot.o)
 .rodata.str1.1
                0x818336ce      0x461 common/libcommon.a(cmd_bootm.o)
                                0x48a (size before relaxing)
 .rodata.str1.1
                0x81833b2f      0x14c common/libcommon.a(cmd_ddr_training_v2.o)
                                0x15b (size before relaxing)
 .rodata.str1.1
                0x81833c7b      0x207 common/libcommon.a(cmd_ext2.o)
                                0x29d (size before relaxing)
 .rodata.str1.1
                0x81833e82      0x1e9 common/libcommon.a(cmd_fat.o)
                                0x24c (size before relaxing)
 .rodata.str1.1
                0x8183406b       0xbc common/libcommon.a(cmd_getinfo.o)
                                 0xfe (size before relaxing)
 .rodata.str1.1
                0x81834127       0x36 common/libcommon.a(cmd_help.o)
                                 0x38 (size before relaxing)
 .rodata.str1.1
                0x8183415d      0x442 common/libcommon.a(cmd_hle_double_system_bootm.o)
                                0x4a9 (size before relaxing)
 .rodata.str1.1
                0x8183459f      0x1b7 common/libcommon.a(cmd_load.o)
                                0x1d0 (size before relaxing)
 .rodata.str1.1
                0x81834756      0x2e2 common/libcommon.a(cmd_mem.o)
                                0x2f9 (size before relaxing)
 .rodata.str1.1
                0x81834a38      0x5b4 common/libcommon.a(cmd_mii.o)
                                0x5dc (size before relaxing)
 .rodata.str1.1
                0x81834fec      0x298 common/libcommon.a(cmd_mmc.o)
                                0x2aa (size before relaxing)
 .rodata.str1.1
                0x81835284      0x926 common/libcommon.a(cmd_nand.o)
                                0x9b0 (size before relaxing)
 .rodata.str1.1
                0x81835baa      0x162 common/libcommon.a(cmd_net.o)
                                0x19b (size before relaxing)
 .rodata.str1.1
                0x81835d0c      0x187 common/libcommon.a(cmd_nvedit.o)
                                0x1e3 (size before relaxing)
 .rodata.str1.1
                0x81835e93      0x266 common/libcommon.a(cmd_sf.o)
                                0x308 (size before relaxing)
 .rodata.str1.1
                0x818360f9       0xff common/libcommon.a(cmd_ugzip.o)
 .rodata.str1.1
                0x818361f8       0x1b common/libcommon.a(cmd_version.o)
                                 0x23 (size before relaxing)
 .rodata.str1.1
                0x81836213       0x70 common/libcommon.a(command.o)
                                 0x8c (size before relaxing)
 .rodata.str1.1
                0x81836283       0x70 common/libcommon.a(console.o)
                                 0x74 (size before relaxing)
 .rodata.str1.1
                0x818362f3       0x32 common/libcommon.a(download_process.o)
 .rodata.str1.1
                0x81836325       0x33 common/libcommon.a(env_common.o)
                                 0x37 (size before relaxing)
 .rodata.str1.1
                0x81836358       0x1a common/libcommon.a(env_common_func.o)
 .rodata.str1.1
                0x81836372       0x2c common/libcommon.a(env_emmc.o)
                                 0x65 (size before relaxing)
 .rodata.str1.1
                0x8183639e       0x69 common/libcommon.a(env_nand.o)
                                 0x74 (size before relaxing)
 .rodata.str1.1
                0x81836407       0xc3 common/libcommon.a(env_sf.o)
                                0x12d (size before relaxing)
 .rodata.str1.1
                0x818364ca       0x87 common/libcommon.a(flash_part.o)
                                 0x8a (size before relaxing)
 .rodata.str1.1
                0x81836551      0x42e common/libcommon.a(image.o)
                                0x4ce (size before relaxing)
 .rodata.str1.1
                0x8183697f       0xc9 common/libcommon.a(main.o)
                                 0xdc (size before relaxing)
 .rodata.str1.1
                0x81836a48      0x1b9 common/libcommon.a(miiphyutil.o)
                                0x1c9 (size before relaxing)
 .rodata.str1.1
                0x81836c01        0x7 common/libcommon.a(stdio.o)
                                 0x1b (size before relaxing)
 .rodata.str1.1
                0x81836c08       0xe3 common/libcommon.a(xyzModem.o)
                                 0xe5 (size before relaxing)
 .rodata.str1.1
                0x81836ceb       0x94 board/hi3516cv300/libhi3516cv300.a(board.o)
                                 0xbd (size before relaxing)
 .rodata.str1.1
                0x81836d7f       0x1a lib/libgeneric.a(display_options.o)
                                 0x43 (size before relaxing)
 .rodata.str1.1
                0x81836d99       0x85 lib/libgeneric.a(gunzip.o)
 .rodata.str1.1
                0x81836e1e       0x21 lib/libgeneric.a(vsprintf.o)
 .rodata.str1.1
                0x81836e3f      0x21c lib/libgeneric.a(zlib.o)
                                0x21d (size before relaxing)
 .rodata.str1.1
                0x8183705b       0x83 lib/hw_dec/libhw_dec.a(hw_decompress.o)
 .rodata.str1.1
                0x818370de      0x460 drivers/ddr/libddr.a(ddr_cmd_ctl.o)
                                0x4a8 (size before relaxing)
 .rodata.str1.1
                0x8183753e       0x42 arch/arm/lib/libarm.a(bootm.o)
                                 0x4b (size before relaxing)
 .rodata.str1.1
                0x81837580       0x44 arch/arm/lib/libarm.a(process.o)
 .rodata.str1.1
                0x818375c4        0xf arch/arm/lib/libarm.a(reset.o)
 .rodata.str1.1
                0x818375d3      0x15c fs/fat/libfat.a(fat.o)
                                0x169 (size before relaxing)
 .rodata.str1.1
                0x8183772f      0x1be fs/ext2/libext2fs.a(ext2fs.o)
 .rodata.str1.1
                0x818378ed       0xdc fs/ext2/libext2fs.a(dev.o)
 .rodata.str1.1
                0x818379c9      0x1af disk/libdisk.a(part.o)
                                0x1e0 (size before relaxing)
 .rodata.str1.1
                0x81837b78       0xe5 disk/libdisk.a(part_dos.o)
                                 0xf1 (size before relaxing)
 .rodata.str1.1
                0x81837c5d       0x6f drivers/mmc/libmmc.a(himciv200_dbg_boot_read.o)
 .rodata.str1.1
                0x81837ccc      0x17a fs/ext4/libext4.a(unsparse.o)
                                0x182 (size before relaxing)
 .rodata.str1.1
                0x81837e46       0x4e drivers/mtd/libmtd.a(hifmc_common.o)
                                 0x63 (size before relaxing)
 .rodata.str1.1
                0x81837e94      0x428 drivers/mtd/nand/libnand.a(nand_util.o)
                                0x44b (size before relaxing)
 .rodata.str1.1
                0x818382bc        0xc lib/libgeneric.a(vsnprintf.o)
                                 0x13 (size before relaxing)
 .rodata.str1.1
                0x818382c8        0xc arch/arm/cpu/hi3516cv300/libhi3516cv300.a(cpu.o)
                                 0x14 (size before relaxing)
 .rodata.str1.1
                0x818382d4       0x1b /home/yuanda.yu/svndebug/trunk/retarded/Hi3516CV300_SDK_V1.0.2.0/osdrv/opensource/u-boot/u-boot-2010.06/arch/arm/lib/eabi_compat.o

.image          0x818382ef     0x30bc
 .image         0x818382ef     0x30bc drivers/ddr/libddr.a(ddr_cmd_loc.o)
                0x818382ef                ddr_training_cmd_start
                0x8183b3ab                ddr_training_cmd_end

.rel.dyn        0x8183b3ac        0x0
 .rel.iplt      0x8183b3ac        0x0 arch/arm/cpu/hi3516cv300/start.o
                0x8183b3ac                . = ALIGN (0x4)

.data           0x8183b3b0     0x6a38
 *(.data)
 .data          0x8183b3b0        0x0 arch/arm/cpu/hi3516cv300/start.o
 .data          0x8183b3b0        0x0 drivers/ddr/ddr_training_impl.o
 .data          0x8183b3b0        0x0 drivers/ddr/ddr_training_ctl.o
 .data          0x8183b3b0        0x0 drivers/ddr/ddr_training_boot.o
 .data          0x8183b3b0        0x0 drivers/ddr/ddr_training_custom.o
 .data          0x8183b3b0        0x0 arch/arm/cpu/hi3516cv300/libhi3516cv300.a(uart.o)
 .data          0x8183b3b0        0x0 arch/arm/cpu/hi3516cv300/libhi3516cv300.a(lowlevel_init_v300.o)
 .data          0x8183b3b0        0x0 arch/arm/cpu/hi3516cv300/libhi3516cv300.a(emmc_boot.o)
 .data          0x8183b3b0        0x0 arch/arm/cpu/hi3516cv300/libhi3516cv300.a(chip.o)
 .data          0x8183b3b0       0x24 arch/arm/lib/libarm.a(board.o)
                0x8183b3b0                init_sequence
 .data          0x8183b3d4        0x0 arch/arm/lib/libarm.a(interrupts.o)
 .data          0x8183b3d4        0x0 arch/arm/lib/libarm.a(memset.o)
 .data          0x8183b3d4        0x0 arch/arm/lib/libarm.a(memcpy.o)
 .data          0x8183b3d4        0x0 net/libnet.a(eth.o)
 .data          0x8183b3d4        0xa net/libnet.a(net.o)
                0x8183b3d4                NetOurVLAN
                0x8183b3d6                NetBcastAddr
                0x8183b3dc                NetOurNativeVLAN
 .data          0x8183b3de        0x0 net/libnet.a(rarp.o)
 *fill*         0x8183b3de        0x2 
 .data          0x8183b3e0       0x1c net/libnet.a(tftp.o)
                0x8183b3ec                upload_addr
                0x8183b3f4                TftpRRQTimeoutCountMax
                0x8183b3f8                TftpRRQTimeoutMSecs
 .data          0x8183b3fc        0x0 net/libnet.a(bootp.o)
 .data          0x8183b3fc       0x50 drivers/mmc/libmmc.a(mmc.o)
                0x8183b3fc                multipliers
                0x8183b43c                fbase
 .data          0x8183b44c        0x0 drivers/mmc/libmmc.a(himciv200.o)
 .data          0x8183b44c        0x4 drivers/mtd/nand/libnand.a(nand.o)
                0x8183b44c                nand_curr_device
 .data          0x8183b450      0x920 drivers/mtd/nand/libnand.a(nand_base.o)
 .data          0x8183bd70      0x10c drivers/mtd/nand/libnand.a(nand_bbt.o)
 .data          0x8183be7c        0x0 drivers/mtd/nand/libnand.a(nand_ecc.o)
 .data          0x8183be7c      0x4f8 drivers/mtd/nand/libnand.a(nand_ids.o)
                0x8183be7c                nand_manuf_ids
                0x8183bf0c                nand_flash_ids
 .data          0x8183c374      0x184 drivers/mtd/nand/libnand.a(hinfc_common.o)
 .data          0x8183c4f8        0x0 drivers/mtd/nand/hifmc100/libhifmcv100.a(hifmc100_os.o)
 .data          0x8183c4f8      0x2b8 drivers/mtd/nand/hifmc100/libhifmcv100.a(hifmc100.o)
 .data          0x8183c7b0     0x1380 drivers/mtd/nand/hifmc100/libhifmcv100.a(hifmc_spi_nand_ids.o)
                0x8183c7b0                hifmc_spi_nand_flash_table
 .data          0x8183db30        0x0 drivers/mtd/spi/libspi_flash.a(spi_compatible.o)
 .data          0x8183db30        0x0 drivers/mtd/spi/hifmc100/libhifmcv100.a(hifmc100_os.o)
 .data          0x8183db30     0x3480 drivers/mtd/spi/hifmc100/libhifmcv100.a(hifmc_spi_nor_ids.o)
 .data          0x81840fb0        0x0 drivers/mtd/spi/hifmc100/libhifmcv100.a(hifmc100.o)
 .data          0x81840fb0        0xc drivers/net/hisfv300/libhisfv300.a(net-drv.o)
                0x81840fb4                D_PHY_ADDR
                0x81840fb5                U_PHY_ADDR
 .data          0x81840fbc        0x0 drivers/net/hisfv300/libhisfv300.a(mii-drv.o)
 .data          0x81840fbc        0x0 drivers/net/hisfv300/libhisfv300.a(ctrl.o)
 .data          0x81840fbc        0x0 drivers/net/hisfv300/libhisfv300.a(glb.o)
 .data          0x81840fbc        0x0 drivers/net/hisfv300/libhisfv300.a(mac.o)
 .data          0x81840fbc        0x0 drivers/net/hisfv300/libhisfv300.a(mdio.o)
 .data          0x81840fbc        0x0 drivers/net/hisfv300/libhisfv300.a(sys.o)
 .data          0x81840fbc        0x8 common/bootss2.a(cmd_bootss2.o)
 .data          0x81840fc4        0x0 drivers/serial/libserial.a(serial_pl01x.o)
 .data          0x81840fc4       0xf2 drivers/usb/gadget/hiudc/libhiudc.a(device_loader.o)
                0x81840fc8                uACK
                0x81840fca                uNAK
 .data          0x818410b6        0x0 drivers/usb/gadget/hiudc/libhiudc.a(device.o)
 .data          0x818410b6        0x0 common/libcommon.a(cmd_boot.o)
 *fill*         0x818410b6        0x2 
 .data          0x818410b8       0x94 common/libcommon.a(cmd_bootm.o)
                0x818410b8                load_addr
 .data          0x8184114c        0x4 common/libcommon.a(cmd_ddr_training_v2.o)
 .data          0x81841150        0x0 common/libcommon.a(cmd_ext2.o)
 .data          0x81841150        0x0 common/libcommon.a(cmd_fat.o)
 .data          0x81841150        0x0 common/libcommon.a(cmd_getinfo.o)
 .data          0x81841150        0x0 common/libcommon.a(cmd_help.o)
 .data          0x81841150        0x0 common/libcommon.a(cmd_hle_double_system_bootm.o)
 .data          0x81841150        0x0 common/libcommon.a(cmd_load.o)
 .data          0x81841150        0x4 common/libcommon.a(cmd_mem.o)
                0x81841150                dp_last_length
 .data          0x81841154      0x2e8 common/libcommon.a(cmd_mii.o)
                0x81841154                reg_0_5_desc_tbl
                0x81841184                desc_and_len_tbl
                0x818411b4                reg_5_desc_tbl
                0x81841244                reg_4_desc_tbl
                0x818412d4                reg_3_desc_tbl
                0x818412f8                reg_2_desc_tbl
                0x81841304                reg_1_desc_tbl
                0x818413c4                reg_0_desc_tbl
 .data          0x8184143c        0x0 common/libcommon.a(cmd_mmc.o)
 .data          0x8184143c       0xcc common/libcommon.a(cmd_nand.o)
 .data          0x81841508        0x0 common/libcommon.a(cmd_net.o)
 .data          0x81841508        0x4 common/libcommon.a(cmd_nvedit.o)
 .data          0x8184150c        0x0 common/libcommon.a(cmd_sf.o)
 .data          0x8184150c        0x0 common/libcommon.a(cmd_ugzip.o)
 .data          0x8184150c        0x0 common/libcommon.a(cmd_version.o)
 .data          0x8184150c        0x0 common/libcommon.a(command.o)
 .data          0x8184150c        0x0 common/libcommon.a(console.o)
 .data          0x8184150c      0x410 common/libcommon.a(dlmalloc.o)
 .data          0x8184191c        0x0 common/libcommon.a(download_process.o)
 .data          0x8184191c       0xc3 common/libcommon.a(env_common.o)
                0x8184191c                default_environment
 *fill*         0x818419df        0x1 
 .data          0x818419e0       0x3c common/libcommon.a(env_common_func.o)
 .data          0x81841a1c        0x4 common/libcommon.a(env_emmc.o)
                0x81841a1c                emmc_env_name_spec
 .data          0x81841a20        0x4 common/libcommon.a(env_nand.o)
                0x81841a20                nand_env_name_spec
 .data          0x81841a24        0x4 common/libcommon.a(env_sf.o)
                0x81841a24                sf_env_name_spec
 .data          0x81841a28        0x0 common/libcommon.a(exports.o)
 .data          0x81841a28        0x0 common/libcommon.a(flash_part.o)
 .data          0x81841a28      0x204 common/libcommon.a(image.o)
 .data          0x81841c2c       0x14 common/libcommon.a(main.o)
 .data          0x81841c40        0x0 common/libcommon.a(miiphyutil.o)
 .data          0x81841c40        0xc common/libcommon.a(stdio.o)
                0x81841c40                stdio_names
 .data          0x81841c4c        0x0 common/libcommon.a(xyzModem.o)
 .data          0x81841c4c        0x0 product/libproduct.a(sample.o)
 .data          0x81841c4c        0x0 board/hi3516cv300/libhi3516cv300.a(board.o)
 .data          0x81841c4c        0x0 lib/libgeneric.a(crc16.o)
 .data          0x81841c4c        0x0 lib/libgeneric.a(crc32.o)
 .data          0x81841c4c        0x0 lib/libgeneric.a(display_options.o)
 .data          0x81841c4c        0x0 lib/libgeneric.a(div64.o)
 .data          0x81841c4c        0x0 lib/libgeneric.a(gunzip.o)
 .data          0x81841c4c        0x0 lib/libgeneric.a(net_utils.o)
 .data          0x81841c4c        0x0 lib/libgeneric.a(string.o)
 .data          0x81841c4c        0x0 lib/libgeneric.a(time.o)
 .data          0x81841c4c        0x0 lib/libgeneric.a(vsprintf.o)
 .data          0x81841c4c        0x0 lib/libgeneric.a(match_table.o)
 .data          0x81841c4c        0x0 lib/libgeneric.a(zlib.o)
 .data          0x81841c4c      0x100 lib/libgeneric.a(ctype.o)
                0x81841c4c                _ctype
 .data          0x81841d4c        0x0 lib/hw_dec/libhw_dec.a(hw_decompress.o)
 .data          0x81841d4c        0x0 drivers/ddr/libddr.a(ddr_cmd_ctl.o)
 .data          0x81841d4c        0x0 drivers/ddr/libddr.a(ddr_cmd_loc.o)
 .data          0x81841d4c        0x0 arch/arm/cpu/hi3516cv300/hi3516cv300/libhi3516cv300.a(timer.o)
 .data          0x81841d4c        0x0 arch/arm/lib/libarm.a(bootm.o)
 .data          0x81841d4c        0x0 arch/arm/lib/libarm.a(cache.o)
 .data          0x81841d4c        0x0 arch/arm/lib/libarm.a(process.o)
 .data          0x81841d4c        0x0 arch/arm/lib/libarm.a(reset.o)
 .data          0x81841d4c        0x0 arch/arm/lib/libarm.a(hibernate_arm9.o)
 .data          0x81841d4c        0x0 arch/arm/lib/libarm.a(bootm_asm.o)
 .data          0x81841d4c        0x0 fs/fat/libfat.a(fat.o)
 .data          0x81841d4c        0x8 fs/ext2/libext2fs.a(ext2fs.o)
                0x81841d4c                indir1_blkno
                0x81841d50                indir2_blkno
 .data          0x81841d54        0x0 fs/ext2/libext2fs.a(dev.o)
 .data          0x81841d54        0x0 disk/libdisk.a(part.o)
 .data          0x81841d54        0x0 disk/libdisk.a(part_dos.o)
 .data          0x81841d54        0x0 drivers/mmc/libmmc.a(himciv200_dbg_boot_read.o)
 .data          0x81841d54        0x0 fs/ext4/libext4.a(unsparse.o)
 .data          0x81841d54        0x2 drivers/mtd/libmtd.a(hifmc_common.o)
 .data          0x81841d56        0x0 drivers/mtd/libmtd.a(hifmc_hi3516cv300.o)
 .data          0x81841d56        0x0 drivers/mtd/nand/libnand.a(nand_util.o)
 .data          0x81841d56        0x0 lib/libgeneric.a(vsnprintf.o)
 *fill*         0x81841d56        0x2 
 .data          0x81841d58       0x90 arch/arm/cpu/hi3516cv300/libhi3516cv300.a(cpu.o)
                0x81841d58                cpu_info
 .data          0x81841de8        0x0 arch/arm/lib/libarm.a(cache-cp15.o)
 .data          0x81841de8        0x0 arch/arm/lib/libarm.a(mmu.o)
 .data          0x81841de8        0x0 /home/yuanda.yu/svndebug/trunk/retarded/Hi3516CV300_SDK_V1.0.2.0/osdrv/opensource/u-boot/u-boot-2010.06/arch/arm/lib/eabi_compat.o
 .data          0x81841de8        0x0 /opt/hisi-linux/x86-arm/arm-himix100-linux/host_bin/../lib/gcc/arm-linux-uclibceabi/6.3.0/libgcc.a(_ashldi3.o)
 .data          0x81841de8        0x0 /opt/hisi-linux/x86-arm/arm-himix100-linux/host_bin/../lib/gcc/arm-linux-uclibceabi/6.3.0/libgcc.a(_ashrdi3.o)
 .data          0x81841de8        0x0 /opt/hisi-linux/x86-arm/arm-himix100-linux/host_bin/../lib/gcc/arm-linux-uclibceabi/6.3.0/libgcc.a(_divsi3.o)
 .data          0x81841de8        0x0 /opt/hisi-linux/x86-arm/arm-himix100-linux/host_bin/../lib/gcc/arm-linux-uclibceabi/6.3.0/libgcc.a(_dvmd_lnx.o)
 .data          0x81841de8        0x0 /opt/hisi-linux/x86-arm/arm-himix100-linux/host_bin/../lib/gcc/arm-linux-uclibceabi/6.3.0/libgcc.a(_lshrdi3.o)
 .data          0x81841de8        0x0 /opt/hisi-linux/x86-arm/arm-himix100-linux/host_bin/../lib/gcc/arm-linux-uclibceabi/6.3.0/libgcc.a(_udivsi3.o)

.igot.plt       0x81841de8        0x0
 .igot.plt      0x81841de8        0x0 arch/arm/cpu/hi3516cv300/start.o
                0x81841de8                . = ALIGN (0x4)

.got
 *(.got)
                0x81841de8                __u_boot_cmd_start = .

.u_boot_cmd     0x81841de8      0x3d8
 *(.u_boot_cmd)
 .u_boot_cmd    0x81841de8       0x18 common/bootss2.a(cmd_bootss2.o)
                0x81841de8                __u_boot_cmd_bootss
 .u_boot_cmd    0x81841e00       0x30 common/libcommon.a(cmd_boot.o)
                0x81841e00                __u_boot_cmd_reset
                0x81841e18                __u_boot_cmd_go
 .u_boot_cmd    0x81841e30       0x18 common/libcommon.a(cmd_bootm.o)
                0x81841e30                __u_boot_cmd_bootm
 .u_boot_cmd    0x81841e48       0x18 common/libcommon.a(cmd_ddr_training_v2.o)
                0x81841e48                __u_boot_cmd_ddr
 .u_boot_cmd    0x81841e60       0x30 common/libcommon.a(cmd_ext2.o)
                0x81841e60                __u_boot_cmd_ext2load
                0x81841e78                __u_boot_cmd_ext2ls
 .u_boot_cmd    0x81841e90       0x48 common/libcommon.a(cmd_fat.o)
                0x81841e90                __u_boot_cmd_fatinfo
                0x81841ea8                __u_boot_cmd_fatls
                0x81841ec0                __u_boot_cmd_fatload
 .u_boot_cmd    0x81841ed8       0x18 common/libcommon.a(cmd_getinfo.o)
                0x81841ed8                __u_boot_cmd_getinfo
 .u_boot_cmd    0x81841ef0       0x30 common/libcommon.a(cmd_help.o)
                0x81841ef0                __u_boot_cmd_question_mark
                0x81841f08                __u_boot_cmd_help
 .u_boot_cmd    0x81841f20       0x18 common/libcommon.a(cmd_hle_double_system_bootm.o)
                0x81841f20                __u_boot_cmd_hle_bootm
 .u_boot_cmd    0x81841f38       0x30 common/libcommon.a(cmd_load.o)
                0x81841f38                __u_boot_cmd_loady
                0x81841f50                __u_boot_cmd_loadb
 .u_boot_cmd    0x81841f68       0xf0 common/libcommon.a(cmd_mem.o)
                0x81841f68                __u_boot_cmd_mtest
                0x81841f80                __u_boot_cmd_loop
                0x81841f98                __u_boot_cmd_base
                0x81841fb0                __u_boot_cmd_crc32
                0x81841fc8                __u_boot_cmd_cmp
                0x81841fe0                __u_boot_cmd_cp
                0x81841ff8                __u_boot_cmd_mw
                0x81842010                __u_boot_cmd_nm
                0x81842028                __u_boot_cmd_mm
                0x81842040                __u_boot_cmd_md
 .u_boot_cmd    0x81842058       0x18 common/libcommon.a(cmd_mii.o)
                0x81842058                __u_boot_cmd_mii
 .u_boot_cmd    0x81842070       0x30 common/libcommon.a(cmd_mmc.o)
                0x81842070                __u_boot_cmd_mmc
                0x81842088                __u_boot_cmd_mmcinfo
 .u_boot_cmd    0x818420a0       0x30 common/libcommon.a(cmd_nand.o)
                0x818420a0                __u_boot_cmd_nboot
                0x818420b8                __u_boot_cmd_nand
 .u_boot_cmd    0x818420d0       0x60 common/libcommon.a(cmd_net.o)
                0x818420d0                __u_boot_cmd_ping
                0x818420e8                __u_boot_cmd_rarpboot
                0x81842100                __u_boot_cmd_tftp
                0x81842118                __u_boot_cmd_bootp
 .u_boot_cmd    0x81842130       0x48 common/libcommon.a(cmd_nvedit.o)
                0x81842130                __u_boot_cmd_setenv
                0x81842148                __u_boot_cmd_printenv
                0x81842160                __u_boot_cmd_saveenv
 .u_boot_cmd    0x81842178       0x18 common/libcommon.a(cmd_sf.o)
                0x81842178                __u_boot_cmd_sf
 .u_boot_cmd    0x81842190       0x18 common/libcommon.a(cmd_ugzip.o)
                0x81842190                __u_boot_cmd_ugzip
 .u_boot_cmd    0x818421a8       0x18 common/libcommon.a(cmd_version.o)
                0x818421a8                __u_boot_cmd_version
                0x818421c0                __u_boot_cmd_end = .
                0x818421c0                . = ALIGN (0x4)
                0x818421c0                __bss_start = .

.bss            0x81842200    0x8b02c
 *(.bss)
 .bss           0x81842200        0x0 arch/arm/cpu/hi3516cv300/start.o
 .bss           0x81842200        0x0 drivers/ddr/ddr_training_impl.o
 .bss           0x81842200        0x0 drivers/ddr/ddr_training_ctl.o
 .bss           0x81842200        0x0 drivers/ddr/ddr_training_boot.o
 .bss           0x81842200        0x0 drivers/ddr/ddr_training_custom.o
 .bss           0x81842200        0x0 arch/arm/cpu/hi3516cv300/libhi3516cv300.a(uart.o)
 .bss           0x81842200        0x0 arch/arm/cpu/hi3516cv300/libhi3516cv300.a(lowlevel_init_v300.o)
 .bss           0x81842200        0x0 arch/arm/cpu/hi3516cv300/libhi3516cv300.a(emmc_boot.o)
 .bss           0x81842200        0x0 arch/arm/cpu/hi3516cv300/libhi3516cv300.a(chip.o)
 .bss           0x81842200        0x4 arch/arm/lib/libarm.a(board.o)
                0x81842200                monitor_flash_len
 .bss           0x81842204        0x0 arch/arm/lib/libarm.a(interrupts.o)
 .bss           0x81842204        0x0 arch/arm/lib/libarm.a(memset.o)
 .bss           0x81842204        0x0 arch/arm/lib/libarm.a(memcpy.o)
 .bss           0x81842204        0x0 net/libnet.a(eth.o)
 .bss           0x81842204     0x25dc net/libnet.a(net.o)
                0x81842204                NetState
                0x81842208                NetPingIP
                0x81842220                NetOurEther
                0x81842228                NetTxPacket
                0x8184222c                NetOurIP
                0x81842230                NetArpWaitPacketIP
                0x81842234                NetOurSubnetMask
                0x81842238                NetOurGatewayIP
                0x8184223c                NetArpWaitReplyIP
                0x81842240                NetArpWaitTimerStart
                0x81842244                NetArpWaitTry
                0x81842248                NetEtherNullAddr
                0x81842254                NetArpWaitPacketMAC
                0x81842258                NetArpWaitTxPacket
                0x8184225c                NetIPID
                0x81842264                NetArpWaitTxPacketSize
                0x81842268                NetRxPacket
                0x8184226c                NetRxPacketLen
                0x81842270                NetServerIP
                0x81842274                NetServerEther
                0x81842280                PktBuf
                0x818440a0                NetRxPackets
                0x818440b0                NetArpWaitPacketBuf
                0x818446d4                NetBootFileXferSize
                0x818446d8                BootFile
                0x81844758                NetBootFileSize
                0x8184475a                NetOurRootPath
                0x8184479a                NetOurHostName
                0x818447ba                NetOurNISDomain
                0x818447dc                NetOurDNSIP
 .bss           0x818447e0        0x4 net/libnet.a(rarp.o)
                0x818447e0                RarpTry
 .bss           0x818447e4       0xbd net/libnet.a(tftp.o)
                0x81844870                upload_size
 *fill*         0x818448a1        0x3 
 .bss           0x818448a4        0x8 net/libnet.a(bootp.o)
                0x818448a4                BootpID
                0x818448a8                BootpTry
 .bss           0x818448ac        0xc drivers/mmc/libmmc.a(mmc.o)
 *fill*         0x818448b8      0x148 
 .bss           0x81844a00    0x50200 drivers/mmc/libmmc.a(himciv200.o)
 .bss           0x81894c00      0x1d0 drivers/mtd/nand/libnand.a(nand.o)
                0x81894c00                nand_info
 .bss           0x81894dd0       0x50 drivers/mtd/nand/libnand.a(nand_base.o)
                0x81894e18                nand_base_oob_resize
                0x81894e1c                nand_base_get_special_flash_type
 .bss           0x81894e20        0x0 drivers/mtd/nand/libnand.a(nand_bbt.o)
 .bss           0x81894e20        0x0 drivers/mtd/nand/libnand.a(nand_ecc.o)
 .bss           0x81894e20        0x0 drivers/mtd/nand/libnand.a(nand_ids.o)
 .bss           0x81894e20        0x8 drivers/mtd/nand/libnand.a(hinfc_common.o)
                0x81894e20                nand_oob_resize
                0x81894e24                nand_get_spl_flash_type
 .bss           0x81894e28      0x138 drivers/mtd/nand/hifmc100/libhifmcv100.a(hifmc100_os.o)
 .bss           0x81894f60        0x0 drivers/mtd/nand/hifmc100/libhifmcv100.a(hifmc100.o)
 .bss           0x81894f60        0x0 drivers/mtd/nand/hifmc100/libhifmcv100.a(hifmc_spi_nand_ids.o)
 .bss           0x81894f60        0x8 drivers/mtd/spi/libspi_flash.a(spi_compatible.o)
 .bss           0x81894f68      0x134 drivers/mtd/spi/hifmc100/libhifmcv100.a(hifmc100_os.o)
 .bss           0x8189509c        0x8 drivers/mtd/spi/hifmc100/libhifmcv100.a(hifmc_spi_nor_ids.o)
                0x8189509c                spiinfo
                0x818950a0                start_up_addr_mode
 .bss           0x818950a4        0x0 drivers/mtd/spi/hifmc100/libhifmcv100.a(hifmc100.o)
 .bss           0x818950a4       0x30 drivers/net/hisfv300/libhisfv300.a(net-drv.o)
                0x818950a4                U_PHY_NAME
                0x818950aa                D_PHY_NAME
 .bss           0x818950d4        0xc drivers/net/hisfv300/libhisfv300.a(mii-drv.o)
 .bss           0x818950e0        0x0 drivers/net/hisfv300/libhisfv300.a(ctrl.o)
 .bss           0x818950e0        0x0 drivers/net/hisfv300/libhisfv300.a(glb.o)
 .bss           0x818950e0        0x0 drivers/net/hisfv300/libhisfv300.a(mac.o)
 .bss           0x818950e0        0x0 drivers/net/hisfv300/libhisfv300.a(mdio.o)
 .bss           0x818950e0        0x0 drivers/net/hisfv300/libhisfv300.a(sys.o)
 .bss           0x818950e0       0x14 common/bootss2.a(cmd_bootss2.o)
                0x818950ec                COMP_SRC_BUF
 .bss           0x818950f4        0x0 drivers/serial/libserial.a(serial_pl01x.o)
 .bss           0x818950f4       0x15 drivers/usb/gadget/hiudc/libhiudc.a(device_loader.o)
                0x818950f4                rx_req
                0x81895100                tx_req
                0x81895104                ep0req
                0x81895108                usb_config_value
 *fill*         0x81895109        0x3 
 .bss           0x8189510c       0x10 drivers/usb/gadget/hiudc/libhiudc.a(device.o)
                0x8189510c                core_if
                0x81895110                pcd
                0x81895114                usb_out_open
                0x81895118                usb_connected
 .bss           0x8189511c        0x0 common/libcommon.a(cmd_boot.o)
 .bss           0x8189511c       0x8c common/libcommon.a(cmd_bootm.o)
 .bss           0x818951a8     0x173c common/libcommon.a(cmd_ddr_training_v2.o)
 .bss           0x818968e4        0x0 common/libcommon.a(cmd_ext2.o)
 .bss           0x818968e4        0x0 common/libcommon.a(cmd_fat.o)
 .bss           0x818968e4        0x0 common/libcommon.a(cmd_getinfo.o)
 .bss           0x818968e4        0x0 common/libcommon.a(cmd_help.o)
 .bss           0x818968e4        0x0 common/libcommon.a(cmd_hle_double_system_bootm.o)
 .bss           0x818968e4       0x60 common/libcommon.a(cmd_load.o)
                0x818968f0                his_pad_count
                0x818968f4                his_pad_char
                0x8189690d                his_eol
                0x81896914                os_data_init
                0x81896924                os_data_char
                0x81896928                his_quote
                0x8189692c                send_ptr
                0x81896930                send_parms
 .bss           0x81896944       0x14 common/libcommon.a(cmd_mem.o)
                0x81896944                dp_last_addr
                0x81896948                dp_last_size
                0x81896950                mm_last_addr
                0x81896954                mm_last_size
 .bss           0x81896958       0x18 common/libcommon.a(cmd_mii.o)
                0x81896958                last_op
                0x8189695c                last_addr_lo
                0x81896960                last_addr_hi
                0x81896964                last_reg_lo
                0x81896968                last_reg_hi
                0x8189696c                last_data
 .bss           0x81896970        0x0 common/libcommon.a(cmd_mmc.o)
 .bss           0x81896970        0x0 common/libcommon.a(cmd_nand.o)
 .bss           0x81896970        0x0 common/libcommon.a(cmd_net.o)
 .bss           0x81896970        0x0 common/libcommon.a(cmd_nvedit.o)
 .bss           0x81896970        0x4 common/libcommon.a(cmd_sf.o)
 .bss           0x81896974        0x0 common/libcommon.a(cmd_ugzip.o)
 .bss           0x81896974        0x0 common/libcommon.a(cmd_version.o)
 .bss           0x81896974      0x600 common/libcommon.a(command.o)
 .bss           0x81896f74        0x8 common/libcommon.a(console.o)
 .bss           0x81896f7c       0x40 common/libcommon.a(dlmalloc.o)
                0x81896f7c                mem_malloc_brk
                0x81896f80                mem_malloc_start
                0x81896f84                mem_malloc_end
 .bss           0x81896fbc      0x400 common/libcommon.a(download_process.o)
 .bss           0x818973bc        0x0 common/libcommon.a(env_common.o)
 .bss           0x818973bc        0xc common/libcommon.a(env_common_func.o)
                0x818973bc                env_cmn_func
                0x818973c0                env_name_spec
                0x818973c4                env_ptr
 .bss           0x818973c8        0x0 common/libcommon.a(env_emmc.o)
 .bss           0x818973c8        0x0 common/libcommon.a(env_nand.o)
 .bss           0x818973c8        0x4 common/libcommon.a(env_sf.o)
 .bss           0x818973cc        0x0 common/libcommon.a(exports.o)
 .bss           0x818973cc        0x0 common/libcommon.a(flash_part.o)
 .bss           0x818973cc        0x0 common/libcommon.a(image.o)
 .bss           0x818973cc     0x5875 common/libcommon.a(main.o)
                0x818973d8                hist_num
                0x818973dc                hist_list
                0x8189742c                hist_lines
                0x8189c440                console_buffer
 *fill*         0x8189cc41        0x3 
 .bss           0x8189cc44        0xc common/libcommon.a(miiphyutil.o)
 .bss           0x8189cc50       0x48 common/libcommon.a(stdio.o)
                0x8189cc8c                stdio_devices
 .bss           0x8189cc98      0x43c common/libcommon.a(xyzModem.o)
 .bss           0x8189d0d4        0x0 product/libproduct.a(sample.o)
 .bss           0x8189d0d4        0x8 board/hi3516cv300/libhi3516cv300.a(board.o)
 .bss           0x8189d0dc        0x0 lib/libgeneric.a(crc16.o)
 .bss           0x8189d0dc        0x0 lib/libgeneric.a(crc32.o)
 .bss           0x8189d0dc        0x0 lib/libgeneric.a(display_options.o)
 .bss           0x8189d0dc        0x0 lib/libgeneric.a(div64.o)
 .bss           0x8189d0dc        0x0 lib/libgeneric.a(gunzip.o)
 .bss           0x8189d0dc        0x0 lib/libgeneric.a(net_utils.o)
 .bss           0x8189d0dc        0x4 lib/libgeneric.a(string.o)
                0x8189d0dc                ___strtok
 .bss           0x8189d0e0        0x0 lib/libgeneric.a(time.o)
 .bss           0x8189d0e0       0x14 lib/libgeneric.a(vsprintf.o)
 .bss           0x8189d0f4        0x0 lib/libgeneric.a(match_table.o)
 .bss           0x8189d0f4        0x0 lib/libgeneric.a(zlib.o)
 .bss           0x8189d0f4        0x0 lib/libgeneric.a(ctype.o)
 .bss           0x8189d0f4       0x14 lib/hw_dec/libhw_dec.a(hw_decompress.o)
                0x8189d0f4                hw_dec_sop
                0x8189d0f8                hw_dec_eop
                0x8189d0fc                hw_dec_cur_blk
                0x8189d100                hw_blk_total_num
                0x8189d104                hw_dec_type
 .bss           0x8189d108        0x0 drivers/ddr/libddr.a(ddr_cmd_ctl.o)
 .bss           0x8189d108        0x0 drivers/ddr/libddr.a(ddr_cmd_loc.o)
 .bss           0x8189d108        0x8 arch/arm/cpu/hi3516cv300/hi3516cv300/libhi3516cv300.a(timer.o)
 .bss           0x8189d110        0x4 arch/arm/lib/libarm.a(bootm.o)
 .bss           0x8189d114        0x0 arch/arm/lib/libarm.a(cache.o)
 .bss           0x8189d114       0x2c arch/arm/lib/libarm.a(process.o)
 .bss           0x8189d140        0x0 arch/arm/lib/libarm.a(reset.o)
 .bss           0x8189d140        0x0 arch/arm/lib/libarm.a(hibernate_arm9.o)
 .bss           0x8189d140        0x0 arch/arm/lib/libarm.a(bootm_asm.o)
 .bss           0x8189d140    0x30054 fs/fat/libfat.a(fat.o)
                0x8189d190                get_vfatname_block
                0x818ad194                do_fat_read_block
                0x818bd194                get_dentfromdir_block
 .bss           0x818cd194       0x20 fs/ext2/libext2fs.a(ext2fs.o)
                0x818cd198                ext2fs_root
                0x818cd19c                indir1_block
                0x818cd1a0                indir1_size
                0x818cd1a4                indir2_block
                0x818cd1a8                indir2_size
                0x818cd1ac                symlinknest
                0x818cd1b0                ext2fs_file
 .bss           0x818cd1b4       0x50 fs/ext2/libext2fs.a(dev.o)
 .bss           0x818cd204        0x0 disk/libdisk.a(part.o)
 .bss           0x818cd204        0x0 disk/libdisk.a(part_dos.o)
 .bss           0x818cd204        0x4 drivers/mmc/libmmc.a(himciv200_dbg_boot_read.o)
 .bss           0x818cd208        0x0 fs/ext4/libext4.a(unsparse.o)
 .bss           0x818cd208       0x1a drivers/mtd/libmtd.a(hifmc_common.o)
                0x818cd208                hifmc_ip_ver
                0x818cd220                hifmc_cs_user
                0x818cd221                hifmc_ip_user
 .bss           0x818cd222        0x0 drivers/mtd/libmtd.a(hifmc_hi3516cv300.o)
 *fill*         0x818cd222        0x2 
 .bss           0x818cd224        0x8 drivers/mtd/nand/libnand.a(nand_util.o)
                0x818cd224                ecc0_flag
                0x818cd228                oobsize_real
 .bss           0x818cd22c        0x0 lib/libgeneric.a(vsnprintf.o)
 .bss           0x818cd22c        0x0 arch/arm/cpu/hi3516cv300/libhi3516cv300.a(cpu.o)
 .bss           0x818cd22c        0x0 arch/arm/lib/libarm.a(cache-cp15.o)
 .bss           0x818cd22c        0x0 arch/arm/lib/libarm.a(mmu.o)
 .bss           0x818cd22c        0x0 /home/yuanda.yu/svndebug/trunk/retarded/Hi3516CV300_SDK_V1.0.2.0/osdrv/opensource/u-boot/u-boot-2010.06/arch/arm/lib/eabi_compat.o
 .bss           0x818cd22c        0x0 /opt/hisi-linux/x86-arm/arm-himix100-linux/host_bin/../lib/gcc/arm-linux-uclibceabi/6.3.0/libgcc.a(_ashldi3.o)
 .bss           0x818cd22c        0x0 /opt/hisi-linux/x86-arm/arm-himix100-linux/host_bin/../lib/gcc/arm-linux-uclibceabi/6.3.0/libgcc.a(_ashrdi3.o)
 .bss           0x818cd22c        0x0 /opt/hisi-linux/x86-arm/arm-himix100-linux/host_bin/../lib/gcc/arm-linux-uclibceabi/6.3.0/libgcc.a(_divsi3.o)
 .bss           0x818cd22c        0x0 /opt/hisi-linux/x86-arm/arm-himix100-linux/host_bin/../lib/gcc/arm-linux-uclibceabi/6.3.0/libgcc.a(_dvmd_lnx.o)
 .bss           0x818cd22c        0x0 /opt/hisi-linux/x86-arm/arm-himix100-linux/host_bin/../lib/gcc/arm-linux-uclibceabi/6.3.0/libgcc.a(_lshrdi3.o)