Archive member included to satisfy reference by file (symbol)

arch/arm/cpu/hi3516cv300/libhi3516cv300.a(uart.o)
                              arch/arm/cpu/hi3516cv300/start.o (uart_early_init)
arch/arm/cpu/hi3516cv300/libhi3516cv300.a(lowlevel_init_v300.o)
                              arch/arm/cpu/hi3516cv300/start.o (start_ddr_training)
arch/arm/cpu/hi3516cv300/libhi3516cv300.a(emmc_boot.o)
                              arch/arm/cpu/hi3516cv300/start.o (emmc_boot_read)
arch/arm/cpu/hi3516cv300/libhi3516cv300.a(chip.o)
                              arch/arm/cpu/hi3516cv300/libhi3516cv300.a(lowlevel_init_v300.o) (reset_cpu)
arch/arm/lib/libarm.a(board.o)
                              arch/arm/cpu/hi3516cv300/start.o (start_armboot)
arch/arm/lib/libarm.a(interrupts.o)
                              arch/arm/lib/libarm.a(board.o) (enable_interrupts)
arch/arm/lib/libarm.a(memset.o)
                              arch/arm/lib/libarm.a(board.o) (memset)
arch/arm/lib/libarm.a(memcpy.o)
                              arch/arm/lib/libarm.a(interrupts.o) (memcpy)
net/libnet.a(eth.o)           arch/arm/lib/libarm.a(board.o) (eth_initialize)
net/libnet.a(net.o)           arch/arm/lib/libarm.a(board.o) (copy_filename)
net/libnet.a(rarp.o)          net/libnet.a(net.o) (RarpRequest)
net/libnet.a(tftp.o)          net/libnet.a(net.o) (TftpStart)
net/libnet.a(bootp.o)         net/libnet.a(net.o) (BootpRequest)
drivers/mmc/libmmc.a(mmc.o)   arch/arm/lib/libarm.a(board.o) (mmc_initialize)
drivers/mmc/libmmc.a(himciv200.o)
                              drivers/mmc/libmmc.a(mmc.o) (board_mmc_init)
drivers/mtd/nand/libnand.a(nand.o)
                              arch/arm/lib/libarm.a(board.o) (nand_init)
drivers/mtd/nand/libnand.a(nand_base.o)
                              drivers/mtd/nand/libnand.a(nand.o) (nand_scan)
drivers/mtd/nand/libnand.a(nand_bbt.o)
                              drivers/mtd/nand/libnand.a(nand_base.o) (nand_update_bbt)
drivers/mtd/nand/libnand.a(nand_ecc.o)
                              drivers/mtd/nand/libnand.a(nand_base.o) (nand_calculate_ecc)
drivers/mtd/nand/libnand.a(nand_ids.o)
                              drivers/mtd/nand/libnand.a(nand_base.o) (nand_manuf_ids)
drivers/mtd/nand/libnand.a(hinfc_common.o)
                              drivers/mtd/nand/libnand.a(nand_base.o) (nand_ecc_name)
drivers/mtd/nand/hifmc100/libhifmcv100.a(hifmc100_os.o)
                              drivers/mtd/nand/libnand.a(nand.o) (board_nand_init)
drivers/mtd/nand/hifmc100/libhifmcv100.a(hifmc100.o)
                              drivers/mtd/nand/hifmc100/libhifmcv100.a(hifmc100_os.o) (hifmc100_host_init)
drivers/mtd/nand/hifmc100/libhifmcv100.a(hifmc_spi_nand_ids.o)
                              drivers/mtd/nand/hifmc100/libhifmcv100.a(hifmc100.o) (spi_nand_feature_op)
drivers/mtd/spi/libspi_flash.a(spi_compatible.o)
                              arch/arm/lib/libarm.a(board.o) (spi_flash_probe)
drivers/mtd/spi/hifmc100/libhifmcv100.a(hifmc100_os.o)
                              drivers/mtd/spi/libspi_flash.a(spi_compatible.o) (hifmc100_spi_nor_probe)
drivers/mtd/spi/hifmc100/libhifmcv100.a(hifmc_spi_nor_ids.o)
                              drivers/mtd/spi/hifmc100/libhifmcv100.a(hifmc100_os.o) (start_up_addr_mode)
drivers/mtd/spi/hifmc100/libhifmcv100.a(hifmc100.o)
                              drivers/mtd/spi/hifmc100/libhifmcv100.a(hifmc_spi_nor_ids.o) (hifmc100_read_ids)
drivers/net/hisfv300/libhisfv300.a(net-drv.o)
                              net/libnet.a(net.o) (eth_init)
drivers/net/hisfv300/libhisfv300.a(mii-drv.o)
                              drivers/net/hisfv300/libhisfv300.a(net-drv.o) (get_phy_device)
drivers/net/hisfv300/libhisfv300.a(ctrl.o)
                              drivers/net/hisfv300/libhisfv300.a(net-drv.o) (hieth_irq_enable)
drivers/net/hisfv300/libhisfv300.a(glb.o)
                              drivers/net/hisfv300/libhisfv300.a(net-drv.o) (hieth_glb_preinit_dummy)
drivers/net/hisfv300/libhisfv300.a(mac.o)
                              drivers/net/hisfv300/libhisfv300.a(net-drv.o) (hieth_set_linkstat)
drivers/net/hisfv300/libhisfv300.a(mdio.o)
                              drivers/net/hisfv300/libhisfv300.a(mii-drv.o) (hieth_mdio_read)
drivers/net/hisfv300/libhisfv300.a(sys.o)
                              drivers/net/hisfv300/libhisfv300.a(net-drv.o) (set_efuse_unread)
common/bootss2.a(cmd_bootss2.o)
                              arch/arm/lib/libarm.a(board.o) (comp_save_snapshot_image)
drivers/serial/libserial.a(serial_pl01x.o)
                              arch/arm/lib/libarm.a(board.o) (serial_init)
drivers/usb/gadget/hiudc/libhiudc.a(device_loader.o)
                              drivers/serial/libserial.a(serial_pl01x.o) (udc_puts)
drivers/usb/gadget/hiudc/libhiudc.a(device.o)
                              drivers/usb/gadget/hiudc/libhiudc.a(device_loader.o) (dwc_get_device_speed)
common/libcommon.a(cmd_boot.o)
                              (__u_boot_cmd_reset)
[...]
Memory Configuration

Name             Origin             Length             Attributes
*default*        0x00000000         0xffffffff

Linker script and memory map

                0x00000000                . = 0x0
                0x00000000                . = ALIGN (0x4)

.text           0x81800000    0x2e684
                0x81800000                __text_start = .
 arch/arm/cpu/hi3516cv300/start.o(.text)
 .text          0x81800000     0x17a8 arch/arm/cpu/hi3516cv300/start.o
                0x81800000                _start
                0x81801040                _blank_zone_start
                0x81801044                _blank_zone_end
                0x81801054                _armboot_start
                0x81801058                _bss_start
                0x8180105c                _bss_end
                0x81801598                init_registers
 drivers/ddr/ddr_training_impl.o(.text)
 .text          0x818017a8     0x1610 drivers/ddr/ddr_training_impl.o
                0x81801934                ddr_training_set_timing
                0x81801968                ddr_training_stat
                0x818019d0                ddr_training_check_bypass
                0x818019ec                ddr_training_phy_disable
                0x818019fc                ddr_training_get_base
                0x81801a34                ddr_training_switch_axi
                0x81801a38                ddr_dmc_get_reversed
                0x81801a48                ddr_phy_cfg_update
                0x81801a78                ddr_training_save_reg
                0x81801b7c                ddr_training_restore_reg
                0x81801db0                ddr_phy_set_dq_bdl
                0x81801e0c                ddr_phy_get_dq_bdl
                0x81801e50                ddr_phy_get_byte_num
                0x81801e68                ddr_ddrt_init
                0x81801f18                ddr_ddrt_test
                0x81802028                ddr_dataeye_check_dq
                0x818021c4                ddr_dataeye_deskew
                0x81802618                ddr_adjust_dataeye
                0x81802710                ddr_dataeye_training
                0x81802788                ddr_hw_training
                0x81802818                ddr_mpr_check
                0x81802820                ddr_write_leveling
                0x81802b4c                ddr_gate_training
 drivers/ddr/ddr_training_ctl.o(.text)
 .text          0x81802db8      0x1a4 drivers/ddr/ddr_training_ctl.o
                0x81802db8                ddr_sw_training_func
                0x81802f58                ddr_sw_training_if
 drivers/ddr/ddr_training_boot.o(.text)
 .text          0x81802f5c      0x1b8 drivers/ddr/ddr_training_boot.o
                0x81802f5c                ddr_result_data_save
                0x81802f60                ddr_lpca_data_save
                0x81802f64                ddr_ddrt_get_test_addr
                0x81802f6c                ddr_training_local_str
                0x81802fcc                ddr_training_error
                0x818030ec                ddr_training_start
                0x81803100                ddr_training_suc
 drivers/ddr/ddr_training_custom.o(.text)
 .text          0x81803114        0xc drivers/ddr/ddr_training_custom.o
                0x81803114                ddr_cmd_prepare_copy
                0x81803118                ddr_cmd_site_save
                0x8180311c                ddr_cmd_site_restore
                0x81803120                __init_end = .
                0x00000001                ASSERT (((__init_end - __text_start) < 0x4000), init sections too big!)
 *(.text)
 .text          0x81803120       0xc8 arch/arm/cpu/hi3516cv300/libhi3516cv300.a(uart.o)
                0x81803120                uart_early_init
                0x81803154                uart_early_puts
                0x81803184                uart_early_put_hex
                0x818031c8                uart_early_putc
 .text          0x818031e8      0x1c0 arch/arm/cpu/hi3516cv300/libhi3516cv300.a(lowlevel_init_v300.o)
                0x818031e8                get_hpm_value
                0x81803214                set_hpm_core_volt
                0x818032dc                start_svb
                0x818032fc                start_ddr_training
 .text          0x818033a8      0x420 arch/arm/cpu/hi3516cv300/libhi3516cv300.a(emmc_boot.o)
                0x81803438                emmc_boot_mode_deinit
                0x81803450                emmc_boot_read
 .text          0x818037c8       0x48 arch/arm/cpu/hi3516cv300/libhi3516cv300.a(chip.o)
                0x818037c8                get_chipid_reg
                0x818037e0                get_ca_vendor_reg
                0x818037e8                reset_cpu
 .text          0x81803810      0x224 arch/arm/lib/libarm.a(board.o)
                0x81803888                coloured_LED_init
                0x81803888                __coloured_LED_init
                0x8180388c                red_LED_on
                0x8180388c                __red_LED_on
                0x81803890                __red_LED_off
                0x81803890                red_LED_off
                0x81803894                green_LED_on
                0x81803894                __green_LED_on
                0x81803898                __green_LED_off
                0x81803898                green_LED_off
                0x8180389c                __yellow_LED_on
                0x8180389c                yellow_LED_on
                0x818038a0                __yellow_LED_off
                0x818038a0                yellow_LED_off
                0x818038a4                blue_LED_on
                0x818038a4                __blue_LED_on
                0x818038a8                blue_LED_off
                0x818038a8                __blue_LED_off
                0x818038ac                hang
                0x818038c0                start_armboot
 .text          0x81803a34      0x260 arch/arm/lib/libarm.a(interrupts.o)
                0x81803a34                enable_interrupts
                0x81803a38                disable_interrupts
                0x81803a40                bad_mode
                0x81803a5c                show_regs
                0x81803b98                do_undefined_instruction
                0x81803bbc                do_software_interrupt
                0x81803be0                do_prefetch_abort
                0x81803c04                do_data_abort
                0x81803c28                do_not_used
                0x81803c4c                do_fiq
                0x81803c70                do_irq
 *fill*         0x81803c94        0xc 
 .text          0x81803ca0       0xd8 arch/arm/lib/libarm.a(memset.o)
                0x81803cc0                memset
 .text          0x81803d78      0x3ac arch/arm/lib/libarm.a(memcpy.o)
                0x81803d78                memcpy
 .text          0x81804124      0x144 net/libnet.a(eth.o)
                0x81804124                eth_parse_enetaddr
                0x81804184                eth_getenv_enetaddr
                0x818041e0                eth_setenv_enetaddr
                0x81804214                eth_getenv_enetaddr_by_index
                0x81804258                eth_initialize
 .text          0x81804268     0x1324 net/libnet.a(net.o)
                0x818042dc                NetStartAgain
                0x818043b0                NetSetHandler
                0x818043c0                NetSetTimeout
                0x818043f4                NetSendPacket
                0x818043f8                NetCksum
                0x81804434                NetCksumOk
                0x81804458                NetEthHdrSize
                0x81804494                NetSetEther
                0x81804540                ArpRequest
                0x8180463c                ArpTimeoutCheck
                0x818046b0                PingSend
                0x81804800                NetReceive
                0x81804dc0                NetSetIP
                0x81804ec8                NetSendUDPPacket
                0x818050ac                copy_filename
                0x818050f0                ip_to_string
                0x81805150                VLAN_to_string
                0x8180519c                string_to_VLAN
                0x818051f4                getenv_VLAN
                0x81805204                NetLoop
 .text          0x8180558c      0x180 net/libnet.a(rarp.o)
                0x818055cc                RarpRequest
 .text          0x8180570c      0xb88 net/libnet.a(tftp.o)
                0x81805ee8                print_IPaddr
                0x81805f04                TftpStart
 .text          0x81806294      0x610 net/libnet.a(bootp.o)
                0x81806634                BootpRequest
 .text          0x818068a4     0x113c drivers/mmc/libmmc.a(mmc.o)
                0x81806908                __board_mmc_getcd
                0x81806908                board_mmc_getcd
                0x81806910                mmc_send_cmd
                0x81806918                mmc_set_blocklen
                0x8180694c                find_mmc_device
                0x81806ba8                mmc_read_block
                0x81806c04                mmc_read
                0x81806d18                mmc_go_idle
                0x81806d68                sd_send_op_cond
                0x81806e60                mmc_send_op_cond
                0x81806efc                mmc_send_ext_csd
                0x81806f4c                mmc_switch
                0x81807094                mmc_change_freq
                0x818070bc                sd_switch
                0x81807128                sd_change_freq
                0x818072ec                mmc_set_ios
                0x818072f4                mmc_set_clock
                0x81807314                mmc_set_bus_width
                0x8180731c                mmc_startup
                0x818077a4                mmc_send_if_cond
                0x8180781c                mmc_register
                0x81807884                mmc_get_dev
                0x81807898                mmc_init
                0x81807948                cpu_mmc_init
                0x81807950                print_mmc_devices
                0x818079bc                mmc_initialize
 .text          0x818079e0     0x1128 drivers/mmc/libmmc.a(himciv200.o)
                0x818082b4                board_mmc_init
                0x818084e0                check_ext_csd
                0x81808708                select_boot_part
                0x818087e8                print_ext_csd
                0x81808838                print_mmc_reg
                0x81808968                mmc_flash_init
 .text          0x81808b08       0xb4 drivers/mtd/nand/libnand.a(nand.o)
                0x81808b08                nand_init
 .text          0x81808bbc     0x3cc8 drivers/mtd/nand/libnand.a(nand_base.o)
                0x8180ab48                nand_wait_ready
                0x8180b6ec                nand_erase_nand
                0x8180ba68                get_nand_info
                0x8180ba74                nand_scan_ident
                0x8180c294                nand_scan_tail
                0x8180c83c                nand_scan
                0x8180c85c                nand_release
 .text          0x8180c884     0x1690 drivers/mtd/nand/libnand.a(nand_bbt.o)
                0x8180d6e0                nand_update_bbt
                0x8180d998                nand_scan_bbt
                0x8180de10                nand_default_bbt
                0x8180dec0                nand_isbad_bbt
 .text          0x8180df14      0x24c drivers/mtd/nand/libnand.a(nand_ecc.o)
                0x8180df14                nand_calculate_ecc
                0x8180e03c                nand_correct_data
 .text          0x8180e160        0x0 drivers/mtd/nand/libnand.a(nand_ids.o)
 .text          0x8180e160      0x190 drivers/mtd/nand/libnand.a(hinfc_common.o)
                0x8180e160                nand_ecc_name
                0x8180e17c                nand_page_name
                0x8180e198                nandpage_size2type
                0x8180e1b0                nandpage_type2size
                0x8180e1c8                match_ecc_type_to_yaffs
                0x8180e1ec                match_page_reg_to_type
                0x8180e210                match_page_type_to_reg
                0x8180e234                match_page_type_to_str
                0x8180e250                match_ecc_reg_to_type
                0x8180e274                match_ecc_type_to_reg
                0x8180e298                match_ecc_type_to_str
                0x8180e2b4                match_page_size_to_type
                0x8180e2d8                match_page_type_to_size
 .text          0x8180e2f0      0x198 drivers/mtd/nand/hifmc100/libhifmcv100.a(hifmc100_os.o)
                0x8180e2f0                board_nand_init
                0x8180e450                nand_get_ecctype
 .text          0x8180e488     0x11b0 drivers/mtd/nand/hifmc100/libhifmcv100.a(hifmc100.o)
                0x8180f3ac                hifmc100_ecc0_switch
                0x8180f3ec                hifmc100_host_init
                0x8180f574                hifmc100_spi_nand_init
 .text          0x8180f638      0x7f8 drivers/mtd/nand/hifmc100/libhifmcv100.a(hifmc_spi_nand_ids.o)
                0x8180f6b4                spi_nand_feature_op
                0x8180fe18                hifmc_spi_nand_ids_register
 .text          0x8180fe30       0x74 drivers/mtd/spi/libspi_flash.a(spi_compatible.o)
                0x8180fe30                spi_flash_probe
                0x8180fe58                get_spiflash_info
                0x8180fe80                spi_flash_free
                0x8180fe84                spi_flash_lock
 .text          0x8180fea4      0x278 drivers/mtd/spi/hifmc100/libhifmcv100.a(hifmc100_os.o)
                0x8180ff20                hifmc100_spi_nor_probe
                0x81810000                hifmc100_get_spi_nor_info
                0x81810034                hifmc100_spi_flash_lock
 .text          0x8181011c     0x14a4 drivers/mtd/spi/hifmc100/libhifmcv100.a(hifmc_spi_nor_ids.o)
                0x81810198                spi_general_get_flash_register
                0x81810a98                spi_is_quad
                0x81811170                hifmc_spi_nor_get_erase
                0x818111d0                hifmc_spi_nor_probe
 .text          0x818115c0      0xf24 drivers/mtd/spi/hifmc100/libhifmcv100.a(hifmc100.o)
                0x81811d80                hifmc100_read_ids
                0x81811e28                hifmc100_spi_nor_init
                0x81811edc                spi_lock_update_address
                0x81811f90                hifmc100_handle_bp_rdcr_info
                0x81811ff4                hifmc100_handle_bp_rdsr_info
                0x81812050                hifmc100_set_spi_lock_info
                0x8181210c                hifmc100_bp_to_level
                0x8181214c                hifmc100_get_bp_lock_level
                0x81812280                hifmc100_spi_nor_scan
                0x81812310                hifmc100_spi_lock
 .text          0x818124e4      0xaf0 drivers/net/hisfv300/libhisfv300.a(net-drv.o)
                0x8181274c                string_to_mac
                0x818127ac                srandom
                0x818127c4                random
                0x8181282c                random_ether_addr
                0x81812948                eth_set_host_mac_address
                0x81812a24                eth_init
                0x81812ccc                eth_rx
                0x81812e30                eth_send
                0x81812f88                eth_halt
 .text          0x81812fd4      0x35c drivers/net/hisfv300/libhisfv300.a(mii-drv.o)
                0x8181300c                get_phy_device
                0x818131e8                hieth_mdiobus_driver_init
                0x818132b8                hieth_mdiobus_driver_exit
 .text          0x81813330       0x94 drivers/net/hisfv300/libhisfv300.a(ctrl.o)
                0x81813330                hieth_irq_enable
                0x81813348                hieth_irq_disable
                0x81813360                hieth_read_irqstatus
                0x81813370                hieth_read_raw_irqstatus
                0x81813380                hieth_clear_irqstatus
                0x8181339c                hieth_set_endian_mode
 .text          0x818133c4      0x1cc drivers/net/hisfv300/libhisfv300.a(glb.o)
                0x818133c4                hieth_glb_preinit_dummy
 .text          0x81813590      0x20c drivers/net/hisfv300/libhisfv300.a(mac.o)
                0x818135fc                hieth_set_linkstat
                0x81813600                hieth_get_linkstat
                0x81813624                hieth_set_mac_leadcode_cnt_limit
                0x81813664                hieth_set_mac_trans_interval_bits
                0x818136f4                hieth_set_mac_fc_interval
                0x8181373c                hieth_set_negmode
                0x81813740                hieth_get_negmode
                0x81813760                hieth_set_mii_mode
 .text          0x8181379c      0x25c drivers/net/hisfv300/libhisfv300.a(mdio.o)
                0x818137dc                hieth_mdio_read
                0x818138c4                hieth_mdio_write
                0x81813980                hieth_mdio_reset
                0x818139e4                hieth_mdio_init
                0x818139f4                hieth_mdio_exit
 .text          0x818139f8       0xb4 drivers/net/hisfv300/libhisfv300.a(sys.o)
                0x818139f8                set_efuse_unread
                0x818139fc                set_inner_phy_addr
                0x81813a00                revise_led_shine
                0x81813a04                set_phy_valtage
                0x81813a08                hieth_sys_startup
                0x81813a30                hieth_sys_allstop
                0x81813a34                hieth_sys_init
                0x81813aa8                hieth_sys_exit
 .text          0x81813aac      0xd54 common/bootss2.a(cmd_bootss2.o)
                0x81813e80                find_hibernate_part
                0x81813fb8                do_bootss
                0x818145e8                comp_save_snapshot_image
 .text          0x81814800      0x11c drivers/serial/libserial.a(serial_pl01x.o)
                0x81814800                serial_init
                0x81814838                serial_putc
                0x81814870                serial_puts
                0x81814898                serial_puts_to_hitool
                0x818148d4                serial_getc
                0x818148fc                serial_tstc
                0x81814918                serial_setbrg
 .text          0x8181491c      0x598 drivers/usb/gadget/hiudc/libhiudc.a(device_loader.o)
                0x8181491c                usb_ep0_complete
                0x81814920                usb_tx_status_complete
                0x8181494c                rx_cmd
                0x8181498c                rx_data
                0x818149d4                usb_rx_data_complete
                0x81814a1c                tx_status
                0x81814ab4                usb_rx_cmd_complete
                0x81814bfc                udc_puts
                0x81814c14                usb_init_ep12
                0x81814cbc                usb_init_ep0
                0x81814d4c                usb_setup
 .text          0x81814eb4     0x2c7c drivers/usb/gadget/hiudc/libhiudc.a(device.o)
                0x81814f68                udc_disconnect
                0x81814f6c                DWC_MODIFY_REG32
                0x81814f80                dwc_core_reset
                0x81815020                dwc_flush_tx_fifo
                0x818150a4                dwc_flush_rx_fifo
                0x81815114                dwc_ep_write_packet
                0x818151cc                dwc_read_packet
                0x818151f8                dwc_read_setup_packet
                0x81815214                dwc_get_device_speed
                0x81815254                dwc_ep0_activate
                0x818152c8                dwc_ep_activate
                0x818153e4                dwc_pcd_ep_enable
                0x8181554c                dwc_request_done
                0x81815614                dwc_request_nuke
                0x81815650                dwc_otg_ep_start_transfer
                0x81815950                dwc_otg_ep_start_zl_transfer
                0x81815a74                dwc_otg_ep0_start_transfer
                0x81815ef4                dwc_otg_ep0_continue_transfer
                0x8181643c                start_next_request
                0x818166fc                ep_queue
                0x81816a30                dwc_handle_usb_reset_intr
                0x81816b3c                dwc_handle_enum_done_intr
                0x81816bac                dwc_handle_rx_status_q_level_intr
                0x81816cb8                dwc_pcd_handle_np_tx_fifo_empty_intr
                0x81816e98                udc_irq_poll
                0x81817528                dwc_pcd_init
                0x818177b8                udc_init
                0x81817860                hiusb_init
                0x81817ac4                udc_connect
 .text          0x81817b30       0x84 common/libcommon.a(cmd_boot.o)
                0x81817b30                do_go_exec
                0x81817b40                do_go
 .text          0x81817bb4      0xaac common/libcommon.a(cmd_bootm.o)
                0x81818200                arch_preboot_os
                0x81818200                __arch_preboot_os
                0x81818204                do_bootm_subcommand
                0x818183b8                do_bootm
 .text          0x81818660      0x424 common/libcommon.a(cmd_ddr_training_v2.o)
                0x81818660                cmd_ddr_set_log_level
                0x81818774                do_ddr_training
                0x81818a7c                check_ddr_training
 .text          0x81818a84      0x454 common/libcommon.a(cmd_ext2.o)
                0x81818a84                do_ext2load
                0x81818d9c                do_ext2ls
 .text          0x81818ed8      0x368 common/libcommon.a(cmd_fat.o)
                0x81818ed8                do_fat_fsinfo
                0x81818fb4                do_fat_fsload
                0x81819134                do_fat_ls
 .text          0x81819240      0x260 common/libcommon.a(cmd_getinfo.o)
                0x81819240                do_getinfo
 .text          0x818194a0       0x44 common/libcommon.a(cmd_help.o)
                0x818194a0                do_help
 .text          0x818194e4      0x240 common/libcommon.a(cmd_hle_double_system_bootm.o)
                0x818194e4                printf_config_info
                0x81819578                init_config_info
                0x8181957c                select_boot_system_partition
                0x81819650                do_double_system_bootm
 .text          0x81819724      0x97c common/libcommon.a(cmd_load.o)
                0x81819870                send_pad
                0x818198a0                ktrans
                0x818198c4                chk1
                0x818198f0                s1_sendpacket
                0x81819918                send_ack
                0x81819978                send_nack
                0x818199d8                k_data_init
                0x818199f0                k_data_save
                0x81819a14                k_data_restore
                0x81819a38                k_data_char
                0x81819a84                handle_send_packet
                0x81819c44                do_load_serial_bin
 .text          0x8181a0a0      0x908 common/libcommon.a(cmd_mem.o)
                0x8181a0a0                do_mem_loop
                0x8181a188                do_mem_md
                0x8181a25c                do_mem_base
                0x8181a29c                do_mem_mtest
                0x8181a450                do_mem_mw
                0x8181a508                do_mem_cmp
                0x8181a7e8                do_mem_mm
                0x8181a80c                do_mem_cp
                0x8181a8dc                do_mem_crc
                0x8181a984                do_mem_nm
 .text          0x8181a9a8      0x7d8 common/libcommon.a(cmd_mii.o)
                0x8181a9fc                MII_dump_0_to_5
                0x8181acd8                do_mii
 .text          0x8181b180      0x74c common/libcommon.a(cmd_mmc.o)
                0x8181b180                do_mmcinfo
                0x8181b2d8                do_mmcops
 .text          0x8181b8cc      0xfe0 common/libcommon.a(cmd_nand.o)
                0x8181ba58                do_nand
                0x8181c558                do_nandboot
 .text          0x8181c8ac      0x3f4 common/libcommon.a(cmd_net.o)
                0x8181cbf8                do_bootp
                0x8181cc04                do_tftp
                0x8181cc10                do_rarpb
                0x8181cc1c                do_ping
 .text          0x8181cca0      0x7f4 common/libcommon.a(cmd_nvedit.o)
                0x8181cca0                do_saveenv
                0x8181ccd0                get_env_id
                0x8181cce0                envmatch
                0x8181ce28                do_printenv
                0x8181cec0                _do_setenv
                0x8181d300                setenv
                0x8181d34c                do_setenv
                0x8181d378                getenv
                0x8181d3e8                getenv_r
 .text          0x8181d494      0x854 common/libcommon.a(cmd_sf.o)
                0x8181d494                do_spi_flash_probe
                0x8181d640                do_spi_flash_read_write
 .text          0x8181dce8      0x10c common/libcommon.a(cmd_ugzip.o)
 .text          0x8181ddf4       0x20 common/libcommon.a(cmd_version.o)
                0x8181ddf4                do_version
 .text          0x8181de14      0x830 common/libcommon.a(command.o)
                0x8181de14                var_complete
                0x8181dea0                find_cmd_tbl
                0x8181df38                find_cmd
                0x8181df60                cmd_usage
                0x8181df80                _do_help
                0x8181e110                install_auto_complete
                0x8181e14c                cmd_auto_complete
                0x8181e5f4                cmd_get_data_size
 .text          0x8181e644      0x598 common/libcommon.a(console.o)
                0x8181e6e4                serial_printf
                0x8181e728                fgetc
                0x8181e74c                ftstc
                0x8181e770                fputc
                0x8181e790                fputs
                0x8181e7b0                fprintf
                0x8181e7f8                getc
                0x8181e81c                tstc
                0x8181e840                putc
                0x8181e864                puts
                0x8181e888                printf
                0x8181e8cc                print_to_hitool
                0x8181e910                vprintf
                0x8181e940                ctrlc
                0x8181e990                disable_ctrlc
                0x8181e9a8                had_ctrlc
                0x8181e9b8                clear_ctrlc
                0x8181e9cc                dbg
                0x8181e9d8                search_device
                0x8181ea00                console_assign
                0x8181ea40                console_init_f
                0x8181ea50                stdio_print_current_devices
                0x8181eb00                console_init_r
 .text          0x8181ebdc      0xfd8 common/libcommon.a(dlmalloc.o)
                0x8181ebdc                sbrk
                0x8181ec18                mem_malloc_init
                0x8181ec3c                malloc_trim
                0x8181ed00                free
                0x8181ef28                malloc
                0x8181f4f4                calloc
                0x8181f5c0                realloc
                0x8181f9e0                memalign
                0x8181faf0                valloc
                0x8181fafc                pvalloc
                0x8181fb14                cfree
                0x8181fb18                malloc_usable_size
                0x8181fb5c                mallopt
 .text          0x8181fbb4      0x238 common/libcommon.a(download_process.o)
                0x8181fc54                download_process
                0x8181fd88                download_boot
 .text          0x8181fdec      0x284 common/libcommon.a(env_common.o)
                0x8181fdec                env_crc_update
                0x8181fe18                env_get_char_memory
                0x8181fe38                env_get_char
                0x8181fe68                env_get_addr
                0x8181fe88                set_default_env
                0x8181fec8                env_relocate
                0x8181ff20                env_complete
 .text          0x81820070      0x108 common/libcommon.a(env_common_func.o)
                0x81820070                env_get_char_spec
                0x81820094                saveenv
                0x818200b8                env_relocate_spec
                0x818200d4                env_init
 .text          0x81820178      0x128 common/libcommon.a(env_emmc.o)
                0x81820178                emmc_env_get_char_spec
                0x81820184                emmc_saveenv
                0x818201ec                emmc_env_relocate_spec
                0x81820284                emmc_env_init
 .text          0x818202a0      0x2e4 common/libcommon.a(env_nand.o)
                0x818202a0                nand_env_get_char_spec
                0x818202ac                nand_env_init
                0x818202c8                writeenv
                0x818203a4                nand_saveenv
                0x8182044c                readenv
                0x81820528                nand_env_relocate_spec
 .text          0x81820584      0x1d0 common/libcommon.a(env_sf.o)
                0x81820584                sf_env_get_char_spec
                0x81820590                sf_saveenv
                0x81820690                sf_env_relocate_spec
                0x81820738                sf_env_init
 .text          0x81820754      0x194 common/libcommon.a(exports.o)
                0x81820758                get_version
                0x81820760                jumptable_init
 .text          0x818208e8      0x34c common/libcommon.a(flash_part.o)
                0x81820b50                find_flash_part
 .text          0x81820c34      0x73c common/libcommon.a(image.o)
                0x81820c5c                image_check_hcrc
                0x81820cac                image_check_dcrc
                0x81820cec                image_multi_count
                0x81820d0c                image_multi_getimg
                0x81820d90                getenv_yesno
                0x81820db8                getenv_bootm_low
                0x81820dec                getenv_bootm_size
                0x81820e20                memmove_wd
                0x81820e2c                genimg_print_size
                0x81820e5c                get_table_entry_name
                0x81820e88                genimg_get_os_name
                0x81820ea0                genimg_get_arch_name
                0x81820eb8                genimg_get_type_name
                0x81820ed0                genimg_get_comp_name
                0x81820ee8                image_print_contents
                0x81821068                get_table_entry_id
                0x818210b4                genimg_get_os_id
                0x818210cc                genimg_get_arch_id
                0x818210e4                genimg_get_type_id
                0x818210fc                genimg_get_comp_id
                0x81821114                genimg_get_format
                0x81821138                genimg_get_image
                0x8182113c                genimg_has_config
                0x81821144                boot_get_ramdisk
 .text          0x81821370     0x1340 common/libcommon.a(main.o)
                0x81821760                __show_boot_progress
                0x81821760                show_boot_progress
                0x81821764                readline_into_buffer
                0x818220e0                readline
                0x818220fc                parse_line
                0x81822188                run_command
                0x8182231c                main_loop
                0x818224b8                run_command_slave
 .text          0x818226b0      0x730 common/libcommon.a(miiphyutil.o)
                0x818226b0                miiphy_init
                0x818226cc                miiphy_register
                0x818227b0                miiphy_set_current_dev
                0x81822808                miiphy_get_current_dev
                0x81822820                miiphy_read
                0x818228b4                miiphy_write
                0x81822948                miiphy_listdev
                0x818229b8                miiphy_info
                0x81822a48                miiphy_reset
                0x81822af8                miiphy_is_1000base_x
                0x81822b3c                miiphy_speed
                0x81822c4c                miiphy_duplex
                0x81822d88                miiphy_link
 .text          0x81822de0      0x164 common/libcommon.a(stdio.o)
                0x81822de0                stdio_get_list
                0x81822dec                stdio_get_by_name
                0x81822e38                stdio_clone
                0x81822e80                stdio_register
                0x81822ebc                stdio_init
 .text          0x81822f44      0x8a0 common/libcommon.a(xyzModem.o)
                0x81822f44                CYGACC_COMM_IF_GETC_TIMEOUT
                0x81823218                CYGACC_COMM_IF_PUTC
                0x81823220                parse_num
                0x81823348                xyzModem_stream_open
                0x81823490                xyzModem_stream_read
                0x818236dc                xyzModem_stream_close
                0x81823730                xyzModem_stream_terminate
                0x818237c4                xyzModem_error
 .text          0x818237e4        0x8 product/libproduct.a(sample.o)
                0x818237e4                product_control
 .text          0x818237ec      0x234 board/hi3516cv300/libhi3516cv300.a(board.o)
                0x818237ec                get_boot_media
                0x818237fc                get_text_base
                0x81823808                boot_flag_init
                0x8182383c                board_init
                0x81823888                save_bootdata_to_flash
                0x818239dc                misc_init_r
                0x81823a00                dram_init
 .text          0x81823a20       0x48 lib/libgeneric.a(crc16.o)
                0x81823a20                cyg_crc16
 .text          0x81823a68       0xec lib/libgeneric.a(crc32.o)
                0x81823a68                crc32_no_comp
                0x81823b3c                crc32
                0x81823b50                crc32_wd
 .text          0x81823b54      0x2d4 lib/libgeneric.a(display_options.o)
                0x81823b54                display_options
                0x81823b74                print_size
                0x81823cb8                print_buffer
 .text          0x81823e28       0xd0 lib/libgeneric.a(div64.o)
                0x81823e28                __div64_32
 .text          0x81823ef8      0x1c0 lib/libgeneric.a(gunzip.o)
                0x81823ef8                zalloc
                0x81823f08                zfree
                0x81823f10                zunzip
                0x81824004                gunzip
 .text          0x818240b8       0x88 lib/libgeneric.a(net_utils.o)
                0x818240b8                string_to_ip
 .text          0x81824140      0x4f0 lib/libgeneric.a(string.o)
                0x81824140                strcpy
                0x81824158                strncpy
                0x8182417c                strcat
                0x818241ac                strncat
                0x818241fc                strcmp
                0x81824224                strncmp
                0x81824260                strchr
                0x8182428c                strlen
                0x818242b0                strrchr
                0x818242ec                strnlen
                0x8182431c                strdup
                0x81824350                strspn
                0x8182438c                strpbrk
                0x818243d0                strtok
                0x81824448                strsep
                0x81824480                strswab
                0x818244c8                bcopy
                0x818244f0                memmove
                0x81824534                memcmp
                0x81824568                memscan
                0x81824594                strstr
                0x81824600                memchr
 .text          0x81824630       0x30 lib/libgeneric.a(time.o)
                0x81824630                udelay
 .text          0x81824660      0xe94 lib/libgeneric.a(vsprintf.o)
                0x81824ba0                simple_strtoul
                0x81824c54                simple_strtol
                0x81824c78                ustrtoul
                0x81824ce8                simple_strtoull
                0x81824dc0                vsprintf
                0x818253dc                sprintf
                0x81825404                panic
                0x81825454                ultohstr
 .text          0x818254f4      0x1a8 lib/libgeneric.a(match_table.o)
                0x818254f4                reg2type
                0x81825520                type2reg
                0x8182554c                str2type
                0x8182559c                type2str
                0x818255c8                match_reg_to_type
                0x818255f4                match_type_to_reg
                0x81825620                match_data_to_type
                0x81825670                match_type_to_data
 .text          0x8182569c     0x2530 lib/libgeneric.a(zlib.o)
                0x8182569c                zcalloc
                0x818256a4                zcfree
                0x818256ac                inflate_fast
                0x81825c18                inflate_table
                0x81826138                inflateReset
                0x818261d8                inflateInit2_
                0x818262dc                inflateInit_
                0x818262ec                inflateEnd
                0x81826370                adler32
                0x818266bc                inflate
 .text          0x81827bcc        0x0 lib/libgeneric.a(ctype.o)
 .text          0x81827bcc      0x2d8 lib/hw_dec/libhw_dec.a(hw_decompress.o)
                0x81827bcc                hw_dec_sop_eop_first_set
                0x81827bfc                hw_dec_intr_proc
                0x81827c98                hw_dec_start
                0x81827d1c                hw_dec_wait_finish
                0x81827d7c                hw_dec_decompress
                0x81827e0c                hw_dec_init
                0x81827e78                hw_dec_uinit
 .text          0x81827ea4      0xdd0 drivers/ddr/libddr.a(ddr_cmd_ctl.o)
                0x81827ea4                ddr_cmd_result_display
                0x818285bc                ddr_reg_result_display
                0x81828b80                ddr_cmd_get_entry
                0x81828c28                ddr_cmd_training_if
 .text          0x81828c74        0x0 drivers/ddr/libddr.a(ddr_cmd_loc.o)
 .text          0x81828c74      0x224 arch/arm/cpu/hi3516cv300/hi3516cv300/libhi3516cv300.a(timer.o)
                0x81828c74                reset_timer_masked
                0x81828c94                timer_init
                0x81828cd0                reset_timer
                0x81828cd4                get_timer_masked
                0x81828d08                get_timer
                0x81828d1c                set_timer
                0x81828d2c                get_ticks
                0x81828d3c                get_tbclk
                0x81828d68                __udelay
                0x81828e08                udelay_masked
 .text          0x81828e98      0x1cc arch/arm/lib/libarm.a(bootm.o)
                0x81828e98                do_bootm_linux
                0x81829038                ss_jump_to_resume_ext
 .text          0x81829064        0x4 arch/arm/lib/libarm.a(cache.o)
                0x81829064                flush_cache
 .text          0x81829068       0x64 arch/arm/lib/libarm.a(process.o)
                0x81829068                add_shutdown
                0x8182909c                do_shutdown
 .text          0x818290cc       0x34 arch/arm/lib/libarm.a(reset.o)
                0x818290cc                do_reset
 .text          0x81829100       0x68 arch/arm/lib/libarm.a(hibernate_arm9.o)
                0x81829100                restore_processor_state_ext
 *fill*         0x81829168       0x18 
 .text          0x81829180       0x14 arch/arm/lib/libarm.a(bootm_asm.o)
                0x81829180                call_swsusp_resume
 .text          0x81829194     0x1280 fs/fat/libfat.a(fat.o)
                0x81829814                fat_register_device
                0x81829964                do_fat_read
                0x8182a278                file_fat_detectfs
                0x8182a3cc                file_fat_ls
                0x8182a3dc                file_fat_read
 .text          0x8182a414      0xdac fs/ext2/libext2fs.a(ext2fs.o)
                0x8182a518                ext2fs_free_node
                0x8182a538                ext2fs_read_file
                0x8182ac38                ext2fs_find_file1
                0x8182aea8                ext2fs_find_file
                0x8182af20                ext2fs_ls
                0x8182af98                ext2fs_open
                0x8182b028                ext2fs_close
                0x8182b0d0                ext2fs_read
                0x8182b100                ext2fs_mount
 .text          0x8182b1c0      0x210 fs/ext2/libext2fs.a(dev.o)
                0x8182b1c0                ext2fs_set_blk_dev
                0x8182b210                ext2fs_devread
 .text          0x8182b3d0      0x380 disk/libdisk.a(part.o)
                0x8182b3d0                get_dev
                0x8182b434                dev_print
                0x8182b634                init_part
                0x8182b650                get_partition_info
                0x8182b678                print_part
 .text          0x8182b750      0x4e0 disk/libdisk.a(part_dos.o)
                0x8182bb94                test_part_dos
                0x8182bbe4                print_part_dos
                0x8182bc10                get_partition_info_dos
 .text          0x8182bc30      0x128 drivers/mmc/libmmc.a(himciv200_dbg_boot_read.o)
                0x8182bc90                emmc_bootmode_read
 .text          0x8182bd58      0x324 fs/ext4/libext4.a(unsparse.o)
                0x8182bd58                print_header_info
                0x8182bd5c                print_chunk_info
                0x8182bd60                ext4_unsparse
 .text          0x8182c07c      0x1e0 drivers/mtd/libmtd.a(hifmc_common.o)
                0x8182c07c                hifmc_ip_ver_check
                0x8182c0dc                hifmc_dev_type_switch
                0x8182c15c                ulltostr
                0x8182c1fc                debug_register_dump
 .text          0x8182c25c       0xa4 drivers/mtd/libmtd.a(hifmc_hi3516cv300.o)
                0x8182c25c                hifmc_set_fmc_system_clock
                0x8182c2a0                hifmc_get_fmc_best_2x_clock
 .text          0x8182c300     0x11a4 drivers/mtd/nand/libnand.a(nand_util.o)
                0x8182c3b0                nand_erase_opts
                0x8182c7b0                nand_write_yaffs_skip_bad
                0x8182cb1c                nand_fill_ecc
                0x8182cba0                nand_read_yaffs_skip_bad
                0x8182cf58                nand_write_skip_bad
                0x8182d15c                nand_read_skip_bad
                0x8182d2ec                nand_read_skip_bad_snapshot
 .text          0x8182d4a4      0xac8 lib/libgeneric.a(vsnprintf.o)
                0x8182d4d0                vsnrprintf
                0x8182df44                snprintf
 .text          0x8182df6c       0x20 arch/arm/cpu/hi3516cv300/libhi3516cv300.a(cpu.o)
                0x8182df6c                cleanup_before_linux
 .text          0x8182df8c       0xfc arch/arm/lib/libarm.a(cache-cp15.o)
                0x8182dfbc                icache_enable
                0x8182dfd4                icache_disable
                0x8182dfec                icache_status
                0x8182dffc                dcache_enable
                0x8182e014                dcache_disable
                0x8182e02c                dcache_status
                0x8182e03c                enable_mmu
                0x8182e06c                stop_mmu
 .text          0x8182e088      0x12c arch/arm/lib/libarm.a(mmu.o)
                0x8182e088                mmu_pagedir_init
                0x8182e0a4                mmu_pagedir_cached_range
                0x8182e0c4                mmu_pagedir_nocached_range
                0x8182e0f4                flush_cache_off
                0x8182e108                mmu_startup
                0x8182e140                mmu_turnoff
                0x8182e154                dcache_stop
                0x8182e164                dcache_start
                0x8182e174                dcache_stop_noflush
                0x8182e184                dcache_flush_all
                0x8182e1a8                dcache_inv_all
 .text          0x8182e1b4       0x20 /home/yuanda.yu/svndebug/trunk/retarded/Hi3516CV300_SDK_V1.0.2.0/osdrv/opensource/u-boot/u-boot-2010.06/arch/arm/lib/eabi_compat.o
                0x8182e1b4                raise
                0x8182e1d0                __aeabi_unwind_cpp_pr0
 .text          0x8182e1d4       0x1c /opt/hisi-linux/x86-arm/arm-himix100-linux/host_bin/../lib/gcc/arm-linux-uclibceabi/6.3.0/libgcc.a(_ashldi3.o)
                0x8182e1d4                __ashldi3
                0x8182e1d4                __aeabi_llsl
 .text          0x8182e1f0       0x1c /opt/hisi-linux/x86-arm/arm-himix100-linux/host_bin/../lib/gcc/arm-linux-uclibceabi/6.3.0/libgcc.a(_ashrdi3.o)
                0x8182e1f0                __ashrdi3
                0x8182e1f0                __aeabi_lasr
 .text          0x8182e20c      0x240 /opt/hisi-linux/x86-arm/arm-himix100-linux/host_bin/../lib/gcc/arm-linux-uclibceabi/6.3.0/libgcc.a(_divsi3.o)
                0x8182e20c                __aeabi_idiv
                0x8182e20c                __divsi3
                0x8182e42c                __aeabi_idivmod
 .text          0x8182e44c       0x10 /opt/hisi-linux/x86-arm/arm-himix100-linux/host_bin/../lib/gcc/arm-linux-uclibceabi/6.3.0/libgcc.a(_dvmd_lnx.o)
                0x8182e44c                __aeabi_ldiv0
                0x8182e44c                __aeabi_idiv0
 .text          0x8182e45c       0x1c /opt/hisi-linux/x86-arm/arm-himix100-linux/host_bin/../lib/gcc/arm-linux-uclibceabi/6.3.0/libgcc.a(_lshrdi3.o)
                0x8182e45c                __aeabi_llsr
                0x8182e45c                __lshrdi3
 .text          0x8182e478      0x20c /opt/hisi-linux/x86-arm/arm-himix100-linux/host_bin/../lib/gcc/arm-linux-uclibceabi/6.3.0/libgcc.a(_udivsi3.o)
                0x8182e478                __udivsi3
                0x8182e478                __aeabi_uidiv
                0x8182e664                __aeabi_uidivmod

.glue_7         0x8182e684        0x0
 .glue_7        0x8182e684        0x0 linker stubs

.glue_7t        0x8182e684        0x0
 .glue_7t       0x8182e684        0x0 linker stubs

.vfp11_veneer   0x8182e684        0x0
 .vfp11_veneer  0x8182e684        0x0 linker stubs

.v4_bx          0x8182e684        0x0
 .v4_bx         0x8182e684        0x0 linker stubs

.iplt           0x8182e684        0x0
 .iplt          0x8182e684        0x0 arch/arm/cpu/hi3516cv300/start.o

.text.unlikely  0x8182e684      0x2e0
 .text.unlikely
                0x8182e684      0x2e0 common/libcommon.a(cmd_nand.o)
                0x8182e964                . = ALIGN (0x4)

.rodata         0x8182e964     0x9573
 *(SORT(.rodata*))
 .rodata        0x8182e964       0x80 arch/arm/lib/libarm.a(interrupts.o)
 .rodata        0x8182e9e4       0xc3 drivers/mtd/nand/hifmc100/libhifmcv100.a(hifmc_spi_nand_ids.o)
 *fill*         0x8182eaa7        0x1 
 .rodata        0x8182eaa8      0x1a8 drivers/mtd/spi/hifmc100/libhifmcv100.a(hifmc_spi_nor_ids.o)
 .rodata        0x8182ec50       0x4c common/libcommon.a(cmd_bootm.o)
 .rodata        0x8182ec9c       0x10 common/libcommon.a(cmd_hle_double_system_bootm.o)
 .rodata        0x8182ecac       0x20 common/libcommon.a(cmd_nand.o)
 .rodata        0x8182eccc       0x20 common/libcommon.a(xyzModem.o)
 .rodata        0x8182ecec      0x400 lib/libgeneric.a(crc32.o)
 .rodata        0x8182f0ec       0x3c lib/libgeneric.a(vsprintf.o)
                0x8182f0fc                hex_asc
 .rodata        0x8182f128      0x9cc lib/libgeneric.a(zlib.o)
                0x8182facc                z_errmsg
 .rodata        0x8182faf4       0x10 disk/libdisk.a(part.o)
 .rodata        0x8182fb04       0x14 drivers/mtd/libmtd.a(hifmc_common.o)
 .rodata        0x8182fb18       0x20 drivers/mtd/libmtd.a(hifmc_hi3516cv300.o)
 .rodata        0x8182fb38       0xdb drivers/mtd/nand/hifmc100/libhifmcv100.a(hifmc100.o)
 *fill*         0x8182fc13        0x1 
 .rodata        0x8182fc14       0x1e drivers/usb/gadget/hiudc/libhiudc.a(device_loader.o)
 .rodata        0x8182fc32      0x200 common/libcommon.a(download_process.o)
 .rodata        0x8182fe32      0x200 lib/libgeneric.a(crc16.o)
 .rodata        0x81830032       0x2e arch/arm/lib/libarm.a(board.o)
                0x81830032                version_string
 .rodata        0x81830060        0x7 net/libnet.a(net.o)
 .rodata        0x81830067        0x9 net/libnet.a(tftp.o)
 .rodata        0x81830070       0x5e drivers/mmc/libmmc.a(himciv200.o)
 .rodata        0x818300ce        0x5 drivers/mtd/nand/libnand.a(nand.o)
 .rodata        0x818300d3       0x64 drivers/mtd/nand/libnand.a(nand_base.o)
 .rodata        0x81830137      0x100 drivers/mtd/nand/libnand.a(nand_ecc.o)
 .rodata        0x81830237       0x16 drivers/mtd/nand/hifmc100/libhifmcv100.a(hifmc100_os.o)
 .rodata        0x8183024d       0x18 drivers/mtd/spi/hifmc100/libhifmcv100.a(hifmc100_os.o)
 .rodata        0x81830265      0x104 drivers/mtd/spi/hifmc100/libhifmcv100.a(hifmc100.o)
 .rodata        0x81830369        0xf drivers/net/hisfv300/libhisfv300.a(mii-drv.o)
 .rodata        0x81830378       0x53 common/bootss2.a(cmd_bootss2.o)
 .rodata        0x818303cb       0x16 common/libcommon.a(command.o)
 .rodata        0x818303e1        0x6 lib/libgeneric.a(display_options.o)
 .rodata        0x818303e7       0x13 lib/hw_dec/libhw_dec.a(hw_decompress.o)
 .rodata        0x818303fa       0x25 lib/libgeneric.a(vsnprintf.o)
                0x818303fa                hex2ascii_data
 .rodata.str1.1
                0x8183041f       0x5b arch/arm/lib/libarm.a(board.o)
 .rodata.str1.1
                0x8183047a      0x264 arch/arm/lib/libarm.a(interrupts.o)
                                0x27b (size before relaxing)
 .rodata.str1.1
                0x818306de       0x16 net/libnet.a(eth.o)
 .rodata.str1.1
                0x818306f4      0x1bf net/libnet.a(net.o)
                                0x1cf (size before relaxing)
 .rodata.str1.1
                0x818308b3       0x43 net/libnet.a(rarp.o)
 .rodata.str1.1
                0x818308f6      0x2b4 net/libnet.a(tftp.o)
                                0x2f7 (size before relaxing)
 .rodata.str1.1
                0x81830baa       0x70 net/libnet.a(bootp.o)
                                 0xa9 (size before relaxing)
 .rodata.str1.1
                0x81830c1a      0x119 drivers/mmc/libmmc.a(mmc.o)
                                0x121 (size before relaxing)
 .rodata.str1.1
                0x81830d33      0x48c drivers/mmc/libmmc.a(himciv200.o)
                                0x495 (size before relaxing)
 .rodata.str1.1
                0x818311bf       0x1b drivers/mtd/nand/libnand.a(nand.o)
 .rodata.str1.1
                0x818311da      0x2e2 drivers/mtd/nand/libnand.a(nand_base.o)
                                0x2e4 (size before relaxing)
 .rodata.str1.1
                0x818314bc      0x309 drivers/mtd/nand/libnand.a(nand_bbt.o)
 .rodata.str1.1
                0x818317c5      0x360 drivers/mtd/nand/libnand.a(nand_ids.o)
                                0x376 (size before relaxing)
 .rodata.str1.1
                0x81831b25       0x4e drivers/mtd/nand/libnand.a(hinfc_common.o)
                                 0x61 (size before relaxing)
 .rodata.str1.1
                0x81831b73       0xaf drivers/mtd/nand/hifmc100/libhifmcv100.a(hifmc100_os.o)
 .rodata.str1.1
                0x81831c22      0x392 drivers/mtd/nand/hifmc100/libhifmcv100.a(hifmc100.o)
 .rodata.str1.1
                0x81831fb4      0x269 drivers/mtd/nand/hifmc100/libhifmcv100.a(hifmc_spi_nand_ids.o)
                                0x29b (size before relaxing)
 .rodata.str1.1
                0x8183221d       0xd2 drivers/mtd/spi/hifmc100/libhifmcv100.a(hifmc100_os.o)
                                 0xef (size before relaxing)
 .rodata.str1.1
                0x818322ef      0x549 drivers/mtd/spi/hifmc100/libhifmcv100.a(hifmc_spi_nor_ids.o)
                                0x5ef (size before relaxing)
 .rodata.str1.1
                0x81832838      0x3d8 drivers/mtd/spi/hifmc100/libhifmcv100.a(hifmc100.o)
                                0x494 (size before relaxing)
 .rodata.str1.1
                0x81832c10      0x252 drivers/net/hisfv300/libhisfv300.a(net-drv.o)
                                0x263 (size before relaxing)
 .rodata.str1.1
                0x81832e62       0x9a drivers/net/hisfv300/libhisfv300.a(mii-drv.o)
 .rodata.str1.1
                0x81832efc       0x32 drivers/net/hisfv300/libhisfv300.a(mdio.o)
                                 0x42 (size before relaxing)
 .rodata.str1.1
                0x81832f2e      0x3a6 common/bootss2.a(cmd_bootss2.o)
                                0x3b8 (size before relaxing)
 .rodata.str1.1
                0x818332d4       0x3f drivers/usb/gadget/hiudc/libhiudc.a(device_loader.o)
 .rodata.str1.1
                0x81833313       0x66 drivers/usb/gadget/hiudc/libhiudc.a(device.o)
                                 0x8a (size before relaxing)
 .rodata.str1.1
                0x81833379       0x95 common/libcommon.a(cmd_boot.o)
 .rodata.str1.1
                0x8183340e      0x461 common/libcommon.a(cmd_bootm.o)
                                0x48a (size before relaxing)
 .rodata.str1.1
                0x8183386f      0x14c common/libcommon.a(cmd_ddr_training_v2.o)
                                0x15b (size before relaxing)
 .rodata.str1.1
                0x818339bb      0x207 common/libcommon.a(cmd_ext2.o)
                                0x29d (size before relaxing)
 .rodata.str1.1
                0x81833bc2      0x1e9 common/libcommon.a(cmd_fat.o)
                                0x24c (size before relaxing)
 .rodata.str1.1
                0x81833dab       0xbc common/libcommon.a(cmd_getinfo.o)
                                 0xfe (size before relaxing)
 .rodata.str1.1
                0x81833e67       0x36 common/libcommon.a(cmd_help.o)
                                 0x38 (size before relaxing)
 .rodata.str1.1
                0x81833e9d      0x2dc common/libcommon.a(cmd_hle_double_system_bootm.o)
                                0x2e6 (size before relaxing)
 .rodata.str1.1
                0x81834179      0x1b7 common/libcommon.a(cmd_load.o)
                                0x1d0 (size before relaxing)
 .rodata.str1.1
                0x81834330      0x2e2 common/libcommon.a(cmd_mem.o)
                                0x2f9 (size before relaxing)
 .rodata.str1.1
                0x81834612      0x5b4 common/libcommon.a(cmd_mii.o)
                                0x5dc (size before relaxing)
 .rodata.str1.1
                0x81834bc6      0x298 common/libcommon.a(cmd_mmc.o)
                                0x2aa (size before relaxing)
 .rodata.str1.1
                0x81834e5e      0x92c common/libcommon.a(cmd_nand.o)
                                0x9b0 (size before relaxing)
 .rodata.str1.1
                0x8183578a      0x162 common/libcommon.a(cmd_net.o)
                                0x19b (size before relaxing)
 .rodata.str1.1
                0x818358ec      0x187 common/libcommon.a(cmd_nvedit.o)
                                0x1e3 (size before relaxing)
 .rodata.str1.1
                0x81835a73      0x266 common/libcommon.a(cmd_sf.o)
                                0x308 (size before relaxing)
 .rodata.str1.1
                0x81835cd9       0xff common/libcommon.a(cmd_ugzip.o)
 .rodata.str1.1
                0x81835dd8       0x1b common/libcommon.a(cmd_version.o)
                                 0x23 (size before relaxing)
 .rodata.str1.1
                0x81835df3       0x70 common/libcommon.a(command.o)
                                 0x8c (size before relaxing)
 .rodata.str1.1
                0x81835e63       0x70 common/libcommon.a(console.o)
                                 0x74 (size before relaxing)
 .rodata.str1.1
                0x81835ed3       0x32 common/libcommon.a(download_process.o)
 .rodata.str1.1
                0x81835f05       0x33 common/libcommon.a(env_common.o)
                                 0x37 (size before relaxing)
 .rodata.str1.1
                0x81835f38       0x1a common/libcommon.a(env_common_func.o)
 .rodata.str1.1
                0x81835f52       0x2c common/libcommon.a(env_emmc.o)
                                 0x65 (size before relaxing)
 .rodata.str1.1
                0x81835f7e       0x69 common/libcommon.a(env_nand.o)
                                 0x74 (size before relaxing)
 .rodata.str1.1
                0x81835fe7       0xc3 common/libcommon.a(env_sf.o)
                                0x12d (size before relaxing)
 .rodata.str1.1
                0x818360aa       0x87 common/libcommon.a(flash_part.o)
                                 0x8a (size before relaxing)
 .rodata.str1.1
                0x81836131      0x42e common/libcommon.a(image.o)
                                0x4ce (size before relaxing)
 .rodata.str1.1
                0x8183655f       0xd1 common/libcommon.a(main.o)
                                 0xdc (size before relaxing)
 .rodata.str1.1
                0x81836630      0x1b9 common/libcommon.a(miiphyutil.o)
                                0x1c9 (size before relaxing)
 .rodata.str1.1
                0x818367e9        0x7 common/libcommon.a(stdio.o)
                                 0x1b (size before relaxing)
 .rodata.str1.1
                0x818367f0       0xe3 common/libcommon.a(xyzModem.o)
                                 0xe5 (size before relaxing)
 .rodata.str1.1
                0x818368d3       0x94 board/hi3516cv300/libhi3516cv300.a(board.o)
                                 0xbd (size before relaxing)
 .rodata.str1.1
                0x81836967       0x1a lib/libgeneric.a(display_options.o)
                                 0x43 (size before relaxing)
 .rodata.str1.1
                0x81836981       0x85 lib/libgeneric.a(gunzip.o)
 .rodata.str1.1
                0x81836a06       0x21 lib/libgeneric.a(vsprintf.o)
 .rodata.str1.1
                0x81836a27      0x21c lib/libgeneric.a(zlib.o)
                                0x21d (size before relaxing)
 .rodata.str1.1
                0x81836c43       0x83 lib/hw_dec/libhw_dec.a(hw_decompress.o)
 .rodata.str1.1
                0x81836cc6      0x460 drivers/ddr/libddr.a(ddr_cmd_ctl.o)
                                0x4a8 (size before relaxing)
 .rodata.str1.1
                0x81837126       0x42 arch/arm/lib/libarm.a(bootm.o)
                                 0x4b (size before relaxing)
 .rodata.str1.1
                0x81837168       0x44 arch/arm/lib/libarm.a(process.o)
 .rodata.str1.1
                0x818371ac        0xf arch/arm/lib/libarm.a(reset.o)
 .rodata.str1.1
                0x818371bb      0x15c fs/fat/libfat.a(fat.o)
                                0x169 (size before relaxing)
 .rodata.str1.1
                0x81837317      0x1be fs/ext2/libext2fs.a(ext2fs.o)
 .rodata.str1.1
                0x818374d5       0xdc fs/ext2/libext2fs.a(dev.o)
 .rodata.str1.1
                0x818375b1      0x1af disk/libdisk.a(part.o)
                                0x1e0 (size before relaxing)
 .rodata.str1.1
                0x81837760       0xe5 disk/libdisk.a(part_dos.o)
                                 0xf1 (size before relaxing)
 .rodata.str1.1
                0x81837845       0x6f drivers/mmc/libmmc.a(himciv200_dbg_boot_read.o)
 .rodata.str1.1
                0x818378b4      0x17a fs/ext4/libext4.a(unsparse.o)
                                0x182 (size before relaxing)
 .rodata.str1.1
                0x81837a2e       0x4e drivers/mtd/libmtd.a(hifmc_common.o)
                                 0x63 (size before relaxing)
 .rodata.str1.1
                0x81837a7c      0x428 drivers/mtd/nand/libnand.a(nand_util.o)
                                0x44b (size before relaxing)
 .rodata.str1.1
                0x81837ea4        0xc lib/libgeneric.a(vsnprintf.o)
                                 0x13 (size before relaxing)
 .rodata.str1.1
                0x81837eb0        0xc arch/arm/cpu/hi3516cv300/libhi3516cv300.a(cpu.o)
                                 0x14 (size before relaxing)
 .rodata.str1.1
                0x81837ebc       0x1b /home/yuanda.yu/svndebug/trunk/retarded/Hi3516CV300_SDK_V1.0.2.0/osdrv/opensource/u-boot/u-boot-2010.06/arch/arm/lib/eabi_compat.o

.image          0x81837ed7     0x30bc
 .image         0x81837ed7     0x30bc drivers/ddr/libddr.a(ddr_cmd_loc.o)
                0x81837ed7                ddr_training_cmd_start
                0x8183af93                ddr_training_cmd_end

.rel.dyn        0x8183af94        0x0
 .rel.iplt      0x8183af94        0x0 arch/arm/cpu/hi3516cv300/start.o
                0x8183af94                . = ALIGN (0x4)

.data           0x8183af98     0x6a70
 *(.data)
 .data          0x8183af98        0x0 arch/arm/cpu/hi3516cv300/start.o
 .data          0x8183af98        0x0 drivers/ddr/ddr_training_impl.o
 .data          0x8183af98        0x0 drivers/ddr/ddr_training_ctl.o
 .data          0x8183af98        0x0 drivers/ddr/ddr_training_boot.o
 .data          0x8183af98        0x0 drivers/ddr/ddr_training_custom.o
 .data          0x8183af98        0x0 arch/arm/cpu/hi3516cv300/libhi3516cv300.a(uart.o)
 .data          0x8183af98        0x0 arch/arm/cpu/hi3516cv300/libhi3516cv300.a(lowlevel_init_v300.o)
 .data          0x8183af98        0x0 arch/arm/cpu/hi3516cv300/libhi3516cv300.a(emmc_boot.o)
 .data          0x8183af98        0x0 arch/arm/cpu/hi3516cv300/libhi3516cv300.a(chip.o)
 .data          0x8183af98       0x24 arch/arm/lib/libarm.a(board.o)
                0x8183af98                init_sequence
 .data          0x8183afbc        0x0 arch/arm/lib/libarm.a(interrupts.o)
 .data          0x8183afbc        0x0 arch/arm/lib/libarm.a(memset.o)
 .data          0x8183afbc        0x0 arch/arm/lib/libarm.a(memcpy.o)
 .data          0x8183afbc        0x0 net/libnet.a(eth.o)
 .data          0x8183afbc        0xa net/libnet.a(net.o)
                0x8183afbc                NetOurVLAN
                0x8183afbe                NetBcastAddr
                0x8183afc4                NetOurNativeVLAN
 .data          0x8183afc6        0x0 net/libnet.a(rarp.o)
 *fill*         0x8183afc6        0x2 
 .data          0x8183afc8       0x1c net/libnet.a(tftp.o)
                0x8183afd4                upload_addr
                0x8183afdc                TftpRRQTimeoutCountMax
                0x8183afe0                TftpRRQTimeoutMSecs
 .data          0x8183afe4        0x0 net/libnet.a(bootp.o)
 .data          0x8183afe4       0x50 drivers/mmc/libmmc.a(mmc.o)
                0x8183afe4                multipliers
                0x8183b024                fbase
 .data          0x8183b034        0x0 drivers/mmc/libmmc.a(himciv200.o)
 .data          0x8183b034        0x4 drivers/mtd/nand/libnand.a(nand.o)
                0x8183b034                nand_curr_device
 .data          0x8183b038      0x920 drivers/mtd/nand/libnand.a(nand_base.o)
 .data          0x8183b958      0x10c drivers/mtd/nand/libnand.a(nand_bbt.o)
 .data          0x8183ba64        0x0 drivers/mtd/nand/libnand.a(nand_ecc.o)
 .data          0x8183ba64      0x4f8 drivers/mtd/nand/libnand.a(nand_ids.o)
                0x8183ba64                nand_manuf_ids
                0x8183baf4                nand_flash_ids
 .data          0x8183bf5c      0x184 drivers/mtd/nand/libnand.a(hinfc_common.o)
 .data          0x8183c0e0        0x0 drivers/mtd/nand/hifmc100/libhifmcv100.a(hifmc100_os.o)
 .data          0x8183c0e0      0x2b8 drivers/mtd/nand/hifmc100/libhifmcv100.a(hifmc100.o)
 .data          0x8183c398     0x1380 drivers/mtd/nand/hifmc100/libhifmcv100.a(hifmc_spi_nand_ids.o)
                0x8183c398                hifmc_spi_nand_flash_table
 .data          0x8183d718        0x0 drivers/mtd/spi/libspi_flash.a(spi_compatible.o)
 .data          0x8183d718        0x0 drivers/mtd/spi/hifmc100/libhifmcv100.a(hifmc100_os.o)
 .data          0x8183d718     0x3480 drivers/mtd/spi/hifmc100/libhifmcv100.a(hifmc_spi_nor_ids.o)
 .data          0x81840b98        0x0 drivers/mtd/spi/hifmc100/libhifmcv100.a(hifmc100.o)
 .data          0x81840b98        0xc drivers/net/hisfv300/libhisfv300.a(net-drv.o)
                0x81840b9c                D_PHY_ADDR
                0x81840b9d                U_PHY_ADDR
 .data          0x81840ba4        0x0 drivers/net/hisfv300/libhisfv300.a(mii-drv.o)
 .data          0x81840ba4        0x0 drivers/net/hisfv300/libhisfv300.a(ctrl.o)
 .data          0x81840ba4        0x0 drivers/net/hisfv300/libhisfv300.a(glb.o)
 .data          0x81840ba4        0x0 drivers/net/hisfv300/libhisfv300.a(mac.o)
 .data          0x81840ba4        0x0 drivers/net/hisfv300/libhisfv300.a(mdio.o)
 .data          0x81840ba4        0x0 drivers/net/hisfv300/libhisfv300.a(sys.o)
 .data          0x81840ba4        0x8 common/bootss2.a(cmd_bootss2.o)
 .data          0x81840bac        0x0 drivers/serial/libserial.a(serial_pl01x.o)
 .data          0x81840bac       0xf2 drivers/usb/gadget/hiudc/libhiudc.a(device_loader.o)
                0x81840bb0                uACK
                0x81840bb2                uNAK
 .data          0x81840c9e        0x0 drivers/usb/gadget/hiudc/libhiudc.a(device.o)
 .data          0x81840c9e        0x0 common/libcommon.a(cmd_boot.o)
 *fill*         0x81840c9e        0x2 
 .data          0x81840ca0       0x94 common/libcommon.a(cmd_bootm.o)
                0x81840ca0                load_addr
 .data          0x81840d34        0x4 common/libcommon.a(cmd_ddr_training_v2.o)
 .data          0x81840d38        0x0 common/libcommon.a(cmd_ext2.o)
 .data          0x81840d38        0x0 common/libcommon.a(cmd_fat.o)
 .data          0x81840d38        0x0 common/libcommon.a(cmd_getinfo.o)
 .data          0x81840d38        0x0 common/libcommon.a(cmd_help.o)
 .data          0x81840d38        0x0 common/libcommon.a(cmd_hle_double_system_bootm.o)
 .data          0x81840d38        0x0 common/libcommon.a(cmd_load.o)
 .data          0x81840d38        0x4 common/libcommon.a(cmd_mem.o)
                0x81840d38                dp_last_length
 .data          0x81840d3c      0x2e8 common/libcommon.a(cmd_mii.o)
                0x81840d3c                reg_0_5_desc_tbl
                0x81840d6c                desc_and_len_tbl
                0x81840d9c                reg_5_desc_tbl
                0x81840e2c                reg_4_desc_tbl
                0x81840ebc                reg_3_desc_tbl
                0x81840ee0                reg_2_desc_tbl
                0x81840eec                reg_1_desc_tbl
                0x81840fac                reg_0_desc_tbl
 .data          0x81841024        0x0 common/libcommon.a(cmd_mmc.o)
 .data          0x81841024       0xcc common/libcommon.a(cmd_nand.o)
 .data          0x818410f0        0x0 common/libcommon.a(cmd_net.o)
 .data          0x818410f0        0x4 common/libcommon.a(cmd_nvedit.o)
 .data          0x818410f4        0x0 common/libcommon.a(cmd_sf.o)
 .data          0x818410f4        0x0 common/libcommon.a(cmd_ugzip.o)
 .data          0x818410f4        0x0 common/libcommon.a(cmd_version.o)
 .data          0x818410f4        0x0 common/libcommon.a(command.o)
 .data          0x818410f4        0x0 common/libcommon.a(console.o)
 .data          0x818410f4      0x410 common/libcommon.a(dlmalloc.o)
 .data          0x81841504        0x0 common/libcommon.a(download_process.o)
 .data          0x81841504       0xf9 common/libcommon.a(env_common.o)
                0x81841504                default_environment
 *fill*         0x818415fd        0x3 
 .data          0x81841600       0x3c common/libcommon.a(env_common_func.o)
 .data          0x8184163c        0x4 common/libcommon.a(env_emmc.o)
                0x8184163c                emmc_env_name_spec
 .data          0x81841640        0x4 common/libcommon.a(env_nand.o)
                0x81841640                nand_env_name_spec
 .data          0x81841644        0x4 common/libcommon.a(env_sf.o)
                0x81841644                sf_env_name_spec
 .data          0x81841648        0x0 common/libcommon.a(exports.o)
 .data          0x81841648        0x0 common/libcommon.a(flash_part.o)
 .data          0x81841648      0x204 common/libcommon.a(image.o)
 .data          0x8184184c       0x14 common/libcommon.a(main.o)
 .data          0x81841860        0x0 common/libcommon.a(miiphyutil.o)
 .data          0x81841860        0xc common/libcommon.a(stdio.o)
                0x81841860                stdio_names
 .data          0x8184186c        0x0 common/libcommon.a(xyzModem.o)
 .data          0x8184186c        0x0 product/libproduct.a(sample.o)
 .data          0x8184186c        0x0 board/hi3516cv300/libhi3516cv300.a(board.o)
 .data          0x8184186c        0x0 lib/libgeneric.a(crc16.o)
 .data          0x8184186c        0x0 lib/libgeneric.a(crc32.o)
 .data          0x8184186c        0x0 lib/libgeneric.a(display_options.o)
 .data          0x8184186c        0x0 lib/libgeneric.a(div64.o)
 .data          0x8184186c        0x0 lib/libgeneric.a(gunzip.o)
 .data          0x8184186c        0x0 lib/libgeneric.a(net_utils.o)
 .data          0x8184186c        0x0 lib/libgeneric.a(string.o)
 .data          0x8184186c        0x0 lib/libgeneric.a(time.o)
 .data          0x8184186c        0x0 lib/libgeneric.a(vsprintf.o)
 .data          0x8184186c        0x0 lib/libgeneric.a(match_table.o)
 .data          0x8184186c        0x0 lib/libgeneric.a(zlib.o)
 .data          0x8184186c      0x100 lib/libgeneric.a(ctype.o)
                0x8184186c                _ctype
 .data          0x8184196c        0x0 lib/hw_dec/libhw_dec.a(hw_decompress.o)
 .data          0x8184196c        0x0 drivers/ddr/libddr.a(ddr_cmd_ctl.o)
 .data          0x8184196c        0x0 drivers/ddr/libddr.a(ddr_cmd_loc.o)
 .data          0x8184196c        0x0 arch/arm/cpu/hi3516cv300/hi3516cv300/libhi3516cv300.a(timer.o)
 .data          0x8184196c        0x0 arch/arm/lib/libarm.a(bootm.o)
 .data          0x8184196c        0x0 arch/arm/lib/libarm.a(cache.o)
 .data          0x8184196c        0x0 arch/arm/lib/libarm.a(process.o)
 .data          0x8184196c        0x0 arch/arm/lib/libarm.a(reset.o)
 .data          0x8184196c        0x0 arch/arm/lib/libarm.a(hibernate_arm9.o)
 .data          0x8184196c        0x0 arch/arm/lib/libarm.a(bootm_asm.o)
 .data          0x8184196c        0x0 fs/fat/libfat.a(fat.o)
 .data          0x8184196c        0x8 fs/ext2/libext2fs.a(ext2fs.o)
                0x8184196c                indir1_blkno
                0x81841970                indir2_blkno
 .data          0x81841974        0x0 fs/ext2/libext2fs.a(dev.o)
 .data          0x81841974        0x0 disk/libdisk.a(part.o)
 .data          0x81841974        0x0 disk/libdisk.a(part_dos.o)
 .data          0x81841974        0x0 drivers/mmc/libmmc.a(himciv200_dbg_boot_read.o)
 .data          0x81841974        0x0 fs/ext4/libext4.a(unsparse.o)
 .data          0x81841974        0x2 drivers/mtd/libmtd.a(hifmc_common.o)
 .data          0x81841976        0x0 drivers/mtd/libmtd.a(hifmc_hi3516cv300.o)
 .data          0x81841976        0x0 drivers/mtd/nand/libnand.a(nand_util.o)
 .data          0x81841976        0x0 lib/libgeneric.a(vsnprintf.o)
 *fill*         0x81841976        0x2 
 .data          0x81841978       0x90 arch/arm/cpu/hi3516cv300/libhi3516cv300.a(cpu.o)
                0x81841978                cpu_info
 .data          0x81841a08        0x0 arch/arm/lib/libarm.a(cache-cp15.o)
 .data          0x81841a08        0x0 arch/arm/lib/libarm.a(mmu.o)
 .data          0x81841a08        0x0 /home/yuanda.yu/svndebug/trunk/retarded/Hi3516CV300_SDK_V1.0.2.0/osdrv/opensource/u-boot/u-boot-2010.06/arch/arm/lib/eabi_compat.o
 .data          0x81841a08        0x0 /opt/hisi-linux/x86-arm/arm-himix100-linux/host_bin/../lib/gcc/arm-linux-uclibceabi/6.3.0/libgcc.a(_ashldi3.o)
 .data          0x81841a08        0x0 /opt/hisi-linux/x86-arm/arm-himix100-linux/host_bin/../lib/gcc/arm-linux-uclibceabi/6.3.0/libgcc.a(_ashrdi3.o)
 .data          0x81841a08        0x0 /opt/hisi-linux/x86-arm/arm-himix100-linux/host_bin/../lib/gcc/arm-linux-uclibceabi/6.3.0/libgcc.a(_divsi3.o)
 .data          0x81841a08        0x0 /opt/hisi-linux/x86-arm/arm-himix100-linux/host_bin/../lib/gcc/arm-linux-uclibceabi/6.3.0/libgcc.a(_dvmd_lnx.o)
 .data          0x81841a08        0x0 /opt/hisi-linux/x86-arm/arm-himix100-linux/host_bin/../lib/gcc/arm-linux-uclibceabi/6.3.0/libgcc.a(_lshrdi3.o)
 .data          0x81841a08        0x0 /opt/hisi-linux/x86-arm/arm-himix100-linux/host_bin/../lib/gcc/arm-linux-uclibceabi/6.3.0/libgcc.a(_udivsi3.o)

.igot.plt       0x81841a08        0x0
 .igot.plt      0x81841a08        0x0 arch/arm/cpu/hi3516cv300/start.o
                0x81841a08                . = ALIGN (0x4)

.got
 *(.got)
                0x81841a08                __u_boot_cmd_start = .

.u_boot_cmd     0x81841a08      0x3d8
 *(.u_boot_cmd)
 .u_boot_cmd    0x81841a08       0x18 common/bootss2.a(cmd_bootss2.o)
                0x81841a08                __u_boot_cmd_bootss
 .u_boot_cmd    0x81841a20       0x30 common/libcommon.a(cmd_boot.o)
                0x81841a20                __u_boot_cmd_reset
                0x81841a38                __u_boot_cmd_go
 .u_boot_cmd    0x81841a50       0x18 common/libcommon.a(cmd_bootm.o)
                0x81841a50                __u_boot_cmd_bootm
 .u_boot_cmd    0x81841a68       0x18 common/libcommon.a(cmd_ddr_training_v2.o)
                0x81841a68                __u_boot_cmd_ddr
 .u_boot_cmd    0x81841a80       0x30 common/libcommon.a(cmd_ext2.o)
                0x81841a80                __u_boot_cmd_ext2load
                0x81841a98                __u_boot_cmd_ext2ls
 .u_boot_cmd    0x81841ab0       0x48 common/libcommon.a(cmd_fat.o)
                0x81841ab0                __u_boot_cmd_fatinfo
                0x81841ac8                __u_boot_cmd_fatls
                0x81841ae0                __u_boot_cmd_fatload
 .u_boot_cmd    0x81841af8       0x18 common/libcommon.a(cmd_getinfo.o)
                0x81841af8                __u_boot_cmd_getinfo
 .u_boot_cmd    0x81841b10       0x30 common/libcommon.a(cmd_help.o)
                0x81841b10                __u_boot_cmd_question_mark
                0x81841b28                __u_boot_cmd_help
 .u_boot_cmd    0x81841b40       0x18 common/libcommon.a(cmd_hle_double_system_bootm.o)
                0x81841b40                __u_boot_cmd_hle_bootm
 .u_boot_cmd    0x81841b58       0x30 common/libcommon.a(cmd_load.o)
                0x81841b58                __u_boot_cmd_loady
                0x81841b70                __u_boot_cmd_loadb
 .u_boot_cmd    0x81841b88       0xf0 common/libcommon.a(cmd_mem.o)
                0x81841b88                __u_boot_cmd_mtest
                0x81841ba0                __u_boot_cmd_loop
                0x81841bb8                __u_boot_cmd_base
                0x81841bd0                __u_boot_cmd_crc32
                0x81841be8                __u_boot_cmd_cmp
                0x81841c00                __u_boot_cmd_cp
                0x81841c18                __u_boot_cmd_mw
                0x81841c30                __u_boot_cmd_nm
                0x81841c48                __u_boot_cmd_mm
                0x81841c60                __u_boot_cmd_md
 .u_boot_cmd    0x81841c78       0x18 common/libcommon.a(cmd_mii.o)
                0x81841c78                __u_boot_cmd_mii
 .u_boot_cmd    0x81841c90       0x30 common/libcommon.a(cmd_mmc.o)
                0x81841c90                __u_boot_cmd_mmc
                0x81841ca8                __u_boot_cmd_mmcinfo
 .u_boot_cmd    0x81841cc0       0x30 common/libcommon.a(cmd_nand.o)
                0x81841cc0                __u_boot_cmd_nboot
                0x81841cd8                __u_boot_cmd_nand
 .u_boot_cmd    0x81841cf0       0x60 common/libcommon.a(cmd_net.o)
                0x81841cf0                __u_boot_cmd_ping
                0x81841d08                __u_boot_cmd_rarpboot
                0x81841d20                __u_boot_cmd_tftp
                0x81841d38                __u_boot_cmd_bootp
 .u_boot_cmd    0x81841d50       0x48 common/libcommon.a(cmd_nvedit.o)
                0x81841d50                __u_boot_cmd_setenv
                0x81841d68                __u_boot_cmd_printenv
                0x81841d80                __u_boot_cmd_saveenv
 .u_boot_cmd    0x81841d98       0x18 common/libcommon.a(cmd_sf.o)
                0x81841d98                __u_boot_cmd_sf
 .u_boot_cmd    0x81841db0       0x18 common/libcommon.a(cmd_ugzip.o)
                0x81841db0                __u_boot_cmd_ugzip
 .u_boot_cmd    0x81841dc8       0x18 common/libcommon.a(cmd_version.o)
                0x81841dc8                __u_boot_cmd_version
                0x81841de0                __u_boot_cmd_end = .
                0x81841de0                . = ALIGN (0x4)
                0x81841de0                __bss_start = .

.bss            0x81841e00    0x8b02c
 *(.bss)
 .bss           0x81841e00        0x0 arch/arm/cpu/hi3516cv300/start.o
 .bss           0x81841e00        0x0 drivers/ddr/ddr_training_impl.o
 .bss           0x81841e00        0x0 drivers/ddr/ddr_training_ctl.o
 .bss           0x81841e00        0x0 drivers/ddr/ddr_training_boot.o
 .bss           0x81841e00        0x0 drivers/ddr/ddr_training_custom.o
 .bss           0x81841e00        0x0 arch/arm/cpu/hi3516cv300/libhi3516cv300.a(uart.o)
 .bss           0x81841e00        0x0 arch/arm/cpu/hi3516cv300/libhi3516cv300.a(lowlevel_init_v300.o)
 .bss           0x81841e00        0x0 arch/arm/cpu/hi3516cv300/libhi3516cv300.a(emmc_boot.o)
 .bss           0x81841e00        0x0 arch/arm/cpu/hi3516cv300/libhi3516cv300.a(chip.o)
 .bss           0x81841e00        0x4 arch/arm/lib/libarm.a(board.o)
                0x81841e00                monitor_flash_len
 .bss           0x81841e04        0x0 arch/arm/lib/libarm.a(interrupts.o)
 .bss           0x81841e04        0x0 arch/arm/lib/libarm.a(memset.o)
 .bss           0x81841e04        0x0 arch/arm/lib/libarm.a(memcpy.o)
 .bss           0x81841e04        0x0 net/libnet.a(eth.o)
 .bss           0x81841e04     0x25dc net/libnet.a(net.o)
                0x81841e04                NetState
                0x81841e08                NetPingIP
                0x81841e20                NetOurEther
                0x81841e28                NetTxPacket
                0x81841e2c                NetOurIP
                0x81841e30                NetArpWaitPacketIP
                0x81841e34                NetOurSubnetMask
                0x81841e38                NetOurGatewayIP
                0x81841e3c                NetArpWaitReplyIP
                0x81841e40                NetArpWaitTimerStart
                0x81841e44                NetArpWaitTry
                0x81841e48                NetEtherNullAddr
                0x81841e54                NetArpWaitPacketMAC
                0x81841e58                NetArpWaitTxPacket
                0x81841e5c                NetIPID
                0x81841e64                NetArpWaitTxPacketSize
                0x81841e68                NetRxPacket
                0x81841e6c                NetRxPacketLen
                0x81841e70                NetServerIP
                0x81841e74                NetServerEther
                0x81841e80                PktBuf
                0x81843ca0                NetRxPackets
                0x81843cb0                NetArpWaitPacketBuf
                0x818442d4                NetBootFileXferSize
                0x818442d8                BootFile
                0x81844358                NetBootFileSize
                0x8184435a                NetOurRootPath
                0x8184439a                NetOurHostName
                0x818443ba                NetOurNISDomain
                0x818443dc                NetOurDNSIP
 .bss           0x818443e0        0x4 net/libnet.a(rarp.o)
                0x818443e0                RarpTry
 .bss           0x818443e4       0xbd net/libnet.a(tftp.o)
                0x81844470                upload_size
 *fill*         0x818444a1        0x3 
 .bss           0x818444a4        0x8 net/libnet.a(bootp.o)
                0x818444a4                BootpID
                0x818444a8                BootpTry
 .bss           0x818444ac        0xc drivers/mmc/libmmc.a(mmc.o)
 *fill*         0x818444b8      0x148 
 .bss           0x81844600    0x50200 drivers/mmc/libmmc.a(himciv200.o)
 .bss           0x81894800      0x1d0 drivers/mtd/nand/libnand.a(nand.o)
                0x81894800                nand_info
 .bss           0x818949d0       0x50 drivers/mtd/nand/libnand.a(nand_base.o)
                0x81894a18                nand_base_oob_resize
                0x81894a1c                nand_base_get_special_flash_type
 .bss           0x81894a20        0x0 drivers/mtd/nand/libnand.a(nand_bbt.o)
 .bss           0x81894a20        0x0 drivers/mtd/nand/libnand.a(nand_ecc.o)
 .bss           0x81894a20        0x0 drivers/mtd/nand/libnand.a(nand_ids.o)
 .bss           0x81894a20        0x8 drivers/mtd/nand/libnand.a(hinfc_common.o)
                0x81894a20                nand_oob_resize
                0x81894a24                nand_get_spl_flash_type
 .bss           0x81894a28      0x138 drivers/mtd/nand/hifmc100/libhifmcv100.a(hifmc100_os.o)
 .bss           0x81894b60        0x0 drivers/mtd/nand/hifmc100/libhifmcv100.a(hifmc100.o)
 .bss           0x81894b60        0x0 drivers/mtd/nand/hifmc100/libhifmcv100.a(hifmc_spi_nand_ids.o)
 .bss           0x81894b60        0x8 drivers/mtd/spi/libspi_flash.a(spi_compatible.o)
 .bss           0x81894b68      0x134 drivers/mtd/spi/hifmc100/libhifmcv100.a(hifmc100_os.o)
 .bss           0x81894c9c        0x8 drivers/mtd/spi/hifmc100/libhifmcv100.a(hifmc_spi_nor_ids.o)
                0x81894c9c                spiinfo
                0x81894ca0                start_up_addr_mode
 .bss           0x81894ca4        0x0 drivers/mtd/spi/hifmc100/libhifmcv100.a(hifmc100.o)
 .bss           0x81894ca4       0x30 drivers/net/hisfv300/libhisfv300.a(net-drv.o)
                0x81894ca4                U_PHY_NAME
                0x81894caa                D_PHY_NAME
 .bss           0x81894cd4        0xc drivers/net/hisfv300/libhisfv300.a(mii-drv.o)
 .bss           0x81894ce0        0x0 drivers/net/hisfv300/libhisfv300.a(ctrl.o)
 .bss           0x81894ce0        0x0 drivers/net/hisfv300/libhisfv300.a(glb.o)
 .bss           0x81894ce0        0x0 drivers/net/hisfv300/libhisfv300.a(mac.o)
 .bss           0x81894ce0        0x0 drivers/net/hisfv300/libhisfv300.a(mdio.o)
 .bss           0x81894ce0        0x0 drivers/net/hisfv300/libhisfv300.a(sys.o)
 .bss           0x81894ce0       0x14 common/bootss2.a(cmd_bootss2.o)
                0x81894cec                COMP_SRC_BUF
 .bss           0x81894cf4        0x0 drivers/serial/libserial.a(serial_pl01x.o)
 .bss           0x81894cf4       0x15 drivers/usb/gadget/hiudc/libhiudc.a(device_loader.o)
                0x81894cf4                rx_req
                0x81894d00                tx_req
                0x81894d04                ep0req
                0x81894d08                usb_config_value
 *fill*         0x81894d09        0x3 
 .bss           0x81894d0c       0x10 drivers/usb/gadget/hiudc/libhiudc.a(device.o)
                0x81894d0c                core_if
                0x81894d10                pcd
                0x81894d14                usb_out_open
                0x81894d18                usb_connected
 .bss           0x81894d1c        0x0 common/libcommon.a(cmd_boot.o)
 .bss           0x81894d1c       0x8c common/libcommon.a(cmd_bootm.o)
 .bss           0x81894da8     0x173c common/libcommon.a(cmd_ddr_training_v2.o)
 .bss           0x818964e4        0x0 common/libcommon.a(cmd_ext2.o)
 .bss           0x818964e4        0x0 common/libcommon.a(cmd_fat.o)
 .bss           0x818964e4        0x0 common/libcommon.a(cmd_getinfo.o)
 .bss           0x818964e4        0x0 common/libcommon.a(cmd_help.o)
 .bss           0x818964e4        0x0 common/libcommon.a(cmd_hle_double_system_bootm.o)
 .bss           0x818964e4       0x60 common/libcommon.a(cmd_load.o)
                0x818964f0                his_pad_count
                0x818964f4                his_pad_char
                0x8189650d                his_eol
                0x81896514                os_data_init
                0x81896524                os_data_char
                0x81896528                his_quote
                0x8189652c                send_ptr
                0x81896530                send_parms
 .bss           0x81896544       0x14 common/libcommon.a(cmd_mem.o)
                0x81896544                dp_last_addr
                0x81896548                dp_last_size
                0x81896550                mm_last_addr
                0x81896554                mm_last_size
 .bss           0x81896558       0x18 common/libcommon.a(cmd_mii.o)
                0x81896558                last_op
                0x8189655c                last_addr_lo
                0x81896560                last_addr_hi
                0x81896564                last_reg_lo
                0x81896568                last_reg_hi
                0x8189656c                last_data
 .bss           0x81896570        0x0 common/libcommon.a(cmd_mmc.o)
 .bss           0x81896570        0x0 common/libcommon.a(cmd_nand.o)
 .bss           0x81896570        0x0 common/libcommon.a(cmd_net.o)
 .bss           0x81896570        0x0 common/libcommon.a(cmd_nvedit.o)
 .bss           0x81896570        0x4 common/libcommon.a(cmd_sf.o)
 .bss           0x81896574        0x0 common/libcommon.a(cmd_ugzip.o)
 .bss           0x81896574        0x0 common/libcommon.a(cmd_version.o)
 .bss           0x81896574      0x600 common/libcommon.a(command.o)
 .bss           0x81896b74        0x8 common/libcommon.a(console.o)
 .bss           0x81896b7c       0x40 common/libcommon.a(dlmalloc.o)
                0x81896b7c                mem_malloc_brk
                0x81896b80                mem_malloc_start
                0x81896b84                mem_malloc_end
 .bss           0x81896bbc      0x400 common/libcommon.a(download_process.o)
 .bss           0x81896fbc        0x0 common/libcommon.a(env_common.o)
 .bss           0x81896fbc        0xc common/libcommon.a(env_common_func.o)
                0x81896fbc                env_cmn_func
                0x81896fc0                env_name_spec
                0x81896fc4                env_ptr
 .bss           0x81896fc8        0x0 common/libcommon.a(env_emmc.o)
 .bss           0x81896fc8        0x0 common/libcommon.a(env_nand.o)
 .bss           0x81896fc8        0x4 common/libcommon.a(env_sf.o)
 .bss           0x81896fcc        0x0 common/libcommon.a(exports.o)
 .bss           0x81896fcc        0x0 common/libcommon.a(flash_part.o)
 .bss           0x81896fcc        0x0 common/libcommon.a(image.o)
 .bss           0x81896fcc     0x5875 common/libcommon.a(main.o)
                0x81896fd8                hist_num
                0x81896fdc                hist_list
                0x8189702c                hist_lines
                0x8189c040                console_buffer
 *fill*         0x8189c841        0x3 
 .bss           0x8189c844        0xc common/libcommon.a(miiphyutil.o)
 .bss           0x8189c850       0x48 common/libcommon.a(stdio.o)
                0x8189c88c                stdio_devices
 .bss           0x8189c898      0x43c common/libcommon.a(xyzModem.o)
 .bss           0x8189ccd4        0x0 product/libproduct.a(sample.o)
 .bss           0x8189ccd4        0x8 board/hi3516cv300/libhi3516cv300.a(board.o)
 .bss           0x8189ccdc        0x0 lib/libgeneric.a(crc16.o)
 .bss           0x8189ccdc        0x0 lib/libgeneric.a(crc32.o)
 .bss           0x8189ccdc        0x0 lib/libgeneric.a(display_options.o)
 .bss           0x8189ccdc        0x0 lib/libgeneric.a(div64.o)
 .bss           0x8189ccdc        0x0 lib/libgeneric.a(gunzip.o)
 .bss           0x8189ccdc        0x0 lib/libgeneric.a(net_utils.o)
 .bss           0x8189ccdc        0x4 lib/libgeneric.a(string.o)
                0x8189ccdc                ___strtok
 .bss           0x8189cce0        0x0 lib/libgeneric.a(time.o)
 .bss           0x8189cce0       0x14 lib/libgeneric.a(vsprintf.o)
 .bss           0x8189ccf4        0x0 lib/libgeneric.a(match_table.o)
 .bss           0x8189ccf4        0x0 lib/libgeneric.a(zlib.o)
 .bss           0x8189ccf4        0x0 lib/libgeneric.a(ctype.o)
 .bss           0x8189ccf4       0x14 lib/hw_dec/libhw_dec.a(hw_decompress.o)
                0x8189ccf4                hw_dec_sop
                0x8189ccf8                hw_dec_eop
                0x8189ccfc                hw_dec_cur_blk
                0x8189cd00                hw_blk_total_num
                0x8189cd04                hw_dec_type
 .bss           0x8189cd08        0x0 drivers/ddr/libddr.a(ddr_cmd_ctl.o)
 .bss           0x8189cd08        0x0 drivers/ddr/libddr.a(ddr_cmd_loc.o)
 .bss           0x8189cd08        0x8 arch/arm/cpu/hi3516cv300/hi3516cv300/libhi3516cv300.a(timer.o)
 .bss           0x8189cd10        0x4 arch/arm/lib/libarm.a(bootm.o)
 .bss           0x8189cd14        0x0 arch/arm/lib/libarm.a(cache.o)
 .bss           0x8189cd14       0x2c arch/arm/lib/libarm.a(process.o)
 .bss           0x8189cd40        0x0 arch/arm/lib/libarm.a(reset.o)
 .bss           0x8189cd40        0x0 arch/arm/lib/libarm.a(hibernate_arm9.o)
 .bss           0x8189cd40        0x0 arch/arm/lib/libarm.a(bootm_asm.o)
 .bss           0x8189cd40    0x30054 fs/fat/libfat.a(fat.o)
                0x8189cd90                get_vfatname_block
                0x818acd94                do_fat_read_block
                0x818bcd94                get_dentfromdir_block
 .bss           0x818ccd94       0x20 fs/ext2/libext2fs.a(ext2fs.o)
                0x818ccd98                ext2fs_root
                0x818ccd9c                indir1_block
                0x818ccda0                indir1_size
                0x818ccda4                indir2_block
                0x818ccda8                indir2_size
                0x818ccdac                symlinknest
                0x818ccdb0                ext2fs_file
 .bss           0x818ccdb4       0x50 fs/ext2/libext2fs.a(dev.o)
 .bss           0x818cce04        0x0 disk/libdisk.a(part.o)
 .bss           0x818cce04        0x0 disk/libdisk.a(part_dos.o)
 .bss           0x818cce04        0x4 drivers/mmc/libmmc.a(himciv200_dbg_boot_read.o)
 .bss           0x818cce08        0x0 fs/ext4/libext4.a(unsparse.o)
 .bss           0x818cce08       0x1a drivers/mtd/libmtd.a(hifmc_common.o)
                0x818cce08                hifmc_ip_ver
                0x818cce20                hifmc_cs_user
                0x818cce21                hifmc_ip_user
 .bss           0x818cce22        0x0 drivers/mtd/libmtd.a(hifmc_hi3516cv300.o)
 *fill*         0x818cce22        0x2 
 .bss           0x818cce24        0x8 drivers/mtd/nand/libnand.a(nand_util.o)
                0x818cce24                ecc0_flag
                0x818cce28                oobsize_real
 .bss           0x818cce2c        0x0 lib/libgeneric.a(vsnprintf.o)
 .bss           0x818cce2c        0x0 arch/arm/cpu/hi3516cv300/libhi3516cv300.a(cpu.o)
 .bss           0x818cce2c        0x0 arch/arm/lib/libarm.a(cache-cp15.o)
 .bss           0x818cce2c        0x0 arch/arm/lib/libarm.a(mmu.o)
 .bss           0x818cce2c        0x0 /home/yuanda.yu/svndebug/trunk/retarded/Hi3516CV300_SDK_V1.0.2.0/osdrv/opensource/u-boot/u-boot-2010.06/arch/arm/lib/eabi_compat.o
 .bss           0x818cce2c        0x0 /opt/hisi-linux/x86-arm/arm-himix100-linux/host_bin/../lib/gcc/arm-linux-uclibceabi/6.3.0/libgcc.a(_ashldi3.o)
 .bss           0x818cce2c        0x0 /opt/hisi-linux/x86-arm/arm-himix100-linux/host_bin/../lib/gcc/arm-linux-uclibceabi/6.3.0/libgcc.a(_ashrdi3.o)
 .bss           0x818cce2c        0x0 /opt/hisi-linux/x86-arm/arm-himix100-linux/host_bin/../lib/gcc/arm-linux-uclibceabi/6.3.0/libgcc.a(_divsi3.o)
 .bss           0x818cce2c        0x0 /opt/hisi-linux/x86-arm/arm-himix100-linux/host_bin/../lib/gcc/arm-linux-uclibceabi/6.3.0/libgcc.a(_dvmd_lnx.o)
 .bss           0x818cce2c        0x0 /opt/hisi-linux/x86-arm/arm-himix100-linux/host_bin/../lib/gcc/arm-linux-uclibceabi/6.3.0/libgcc.a(_lshrdi3.o)
 .bss           0x818cce2c        0x0 /opt/hisi-linux/x86-arm/arm-himix100-linux/host_bin/../lib/gcc/arm-linux-uclibceabi/6.3.0/libgcc.a(_udivsi3.o)